[2026-04-06 09:26:03] [START   ] ════════════════════════════════════════════════════════════
[2026-04-06 09:26:03] [START   ] DCA Bot
[2026-04-06 09:26:03] [START   ] Coin:      XRP  |  Side: SHORT
[2026-04-06 09:26:03] [START   ] Size:      $20 per order
[2026-04-06 09:26:03] [START   ] Interval:  60 min  |  Max orders: 10  |  Leverage: 5x
[2026-04-06 09:26:03] [START   ] ════════════════════════════════════════════════════════════
[2026-04-06 09:26:05] [ORDER   ] #1/10 SELL 14 XRP @ ~$1.35 ($20)
[2026-04-06 09:26:05] [WAIT    ] Next order in 60 min...
[2026-04-06 10:26:08] [ORDER   ] #2/10 SELL 14 XRP @ ~$1.35 ($20)
[2026-04-06 10:26:08] [WAIT    ] Next order in 60 min...
[2026-04-06 11:26:10] [ORDER   ] #3/10 SELL 14 XRP @ ~$1.35 ($20)
[2026-04-06 11:26:10] [WAIT    ] Next order in 60 min...
[2026-04-06 12:26:12] [ORDER   ] #4/10 SELL 14 XRP @ ~$1.35 ($20)
[2026-04-06 12:26:12] [WAIT    ] Next order in 60 min...
[2026-04-06 13:26:14] [ORDER   ] #5/10 SELL 14 XRP @ ~$1.35 ($20)
[2026-04-06 13:26:14] [WAIT    ] Next order in 60 min...
[2026-04-06 14:26:16] [ORDER   ] #6/10 SELL 14 XRP @ ~$1.35 ($20)
[2026-04-06 14:26:16] [WAIT    ] Next order in 60 min...
[2026-04-06 15:26:18] [ORDER   ] #7/10 SELL 14 XRP @ ~$1.34 ($20)
[2026-04-06 15:26:18] [WAIT    ] Next order in 60 min...
[2026-04-06 16:02:15] [EXIT    ] Process exited — code 3221225786
