[2026-04-07 02:22:28] [START   ] ════════════════════════════════════════════════════════════
[2026-04-07 02:22:28] [START   ] Grid Bot
[2026-04-07 02:22:28] [START   ] Coin:     ETH
[2026-04-07 02:22:28] [START   ] Range:    $2000 – $3000  |  10 levels  |  $50/level
[2026-04-07 02:22:28] [START   ] Leverage: 1x  |  Check interval: 30s
[2026-04-07 02:22:28] [START   ] ════════════════════════════════════════════════════════════
[2026-04-07 02:22:29] [PRICE   ] Current ETH price: $2100.15
[2026-04-07 02:22:29] [AUDIT   ] ETH — no open position
[2026-04-07 02:22:29] [INIT    ] Grid prices: 2000 → 3000 | 10 levels | $50/level
[2026-04-07 02:22:36] [PLACE   ] Level  0 BUY @ $2000  oid=372651561730
[2026-04-07 02:22:37] [ERROR   ] Init level 1: Order 0: Price must be divisible by tick size. asset=1
[2026-04-07 02:22:38] [ERROR   ] Init level 2: Order 0: Price must be divisible by tick size. asset=1
[2026-04-07 02:22:39] [ERROR   ] Init level 3: Order 0: Price must be divisible by tick size. asset=1
[2026-04-07 02:22:40] [ERROR   ] Init level 4: Order 0: Price must be divisible by tick size. asset=1
[2026-04-07 02:22:41] [ERROR   ] Init level 5: Order 0: Price must be divisible by tick size. asset=1
[2026-04-07 02:22:42] [ERROR   ] Init level 6: Order 0: Price must be divisible by tick size. asset=1
[2026-04-07 02:22:43] [ERROR   ] Init level 7: Order 0: Price must be divisible by tick size. asset=1
[2026-04-07 02:22:45] [ERROR   ] Init level 8: Order 0: Price must be divisible by tick size. asset=1
[2026-04-07 02:22:46] [ERROR   ] Init level 9: Order 0: Reduce only order would increase position. asset=1
[2026-04-07 02:22:46] [INIT    ] Placed 1 / 10 orders
[2026-04-07 02:22:46] [RUN     ] Grid initialized. Monitoring for fills...
[2026-04-07 02:23:16] [FILL    ] Level 0 BUY @ $2000 filled
[2026-04-07 02:23:18] [ERROR   ] Counter order level 1: Order 0: Price must be divisible by tick size. asset=1
[2026-04-07 02:23:18] [SCAN    ] Grid active — 0 live orders | realized P&L: $-50.0000
[2026-04-07 02:23:18] [REINIT  ] All orders consumed — reinitializing grid at current price...
[2026-04-07 02:23:18] [INIT    ] Grid prices: 2000 → 3000 | 10 levels | $50/level
[2026-04-07 02:23:24] [ERROR   ] Init level 0: Order 0: Insufficient margin to place order. asset=1
[2026-04-07 02:23:25] [ERROR   ] Init level 1: Order 0: Price must be divisible by tick size. asset=1
[2026-04-07 02:23:26] [ERROR   ] Init level 2: Order 0: Price must be divisible by tick size. asset=1
[2026-04-07 02:23:27] [ERROR   ] Init level 3: Order 0: Price must be divisible by tick size. asset=1
[2026-04-07 02:23:28] [ERROR   ] Init level 4: Order 0: Price must be divisible by tick size. asset=1
[2026-04-07 02:23:30] [ERROR   ] Init level 5: Order 0: Price must be divisible by tick size. asset=1
[2026-04-07 02:23:30] [ERROR   ] Init level 6: Order 0: Price must be divisible by tick size. asset=1
[2026-04-07 02:23:31] [ERROR   ] Init level 7: Order 0: Price must be divisible by tick size. asset=1
[2026-04-07 02:23:33] [ERROR   ] Init level 8: Order 0: Price must be divisible by tick size. asset=1
[2026-04-07 02:23:33] [ERROR   ] Init level 9: Order 0: Reduce only order would increase position. asset=1
[2026-04-07 02:23:33] [INIT    ] Placed 0 / 10 orders
[2026-04-07 02:23:33] [REINIT  ] Grid reinitialized at $2102.05
[2026-04-07 02:23:49] [EXIT    ] Process exited — code ?
[2026-04-07 02:34:30] [START   ] ════════════════════════════════════════════════════════════
[2026-04-07 02:34:30] [START   ] Grid Bot
[2026-04-07 02:34:30] [START   ] Coin:     ETH
[2026-04-07 02:34:30] [START   ] Range:    $2000 – $3000  |  10 levels  |  $50/level
[2026-04-07 02:34:30] [START   ] Leverage: 1x  |  Check interval: 30s
[2026-04-07 02:34:30] [START   ] ════════════════════════════════════════════════════════════
[2026-04-07 02:34:31] [PRICE   ] Current ETH price: $2103.15
[2026-04-07 02:34:31] [AUDIT   ] ETH — no open position
[2026-04-07 02:34:31] [INIT    ] Grid prices: 2000 → 3000 | 10 levels | $50/level
[2026-04-07 02:34:37] [PLACE   ] Level  0 BUY @ $2000  oid=372658508137
[2026-04-07 02:34:38] [ERROR   ] Init level 1: Order 0: Price must be divisible by tick size. asset=1
[2026-04-07 02:34:39] [ERROR   ] Init level 2: Order 0: Price must be divisible by tick size. asset=1
[2026-04-07 02:34:40] [ERROR   ] Init level 3: Order 0: Price must be divisible by tick size. asset=1
[2026-04-07 02:34:42] [ERROR   ] Init level 4: Order 0: Price must be divisible by tick size. asset=1
[2026-04-07 02:34:43] [ERROR   ] Init level 5: Order 0: Price must be divisible by tick size. asset=1
[2026-04-07 02:34:44] [ERROR   ] Init level 6: Order 0: Price must be divisible by tick size. asset=1
[2026-04-07 02:34:45] [ERROR   ] Init level 7: Order 0: Price must be divisible by tick size. asset=1
[2026-04-07 02:34:46] [ERROR   ] Init level 8: Order 0: Price must be divisible by tick size. asset=1
[2026-04-07 02:34:47] [ERROR   ] Init level 9: Order 0: Reduce only order would increase position. asset=1
[2026-04-07 02:34:47] [INIT    ] Placed 1 / 10 orders
[2026-04-07 02:34:47] [RUN     ] Grid initialized. Monitoring for fills...
[2026-04-07 02:35:18] [FILL    ] Level 0 BUY @ $2000 filled
[2026-04-07 02:35:19] [ERROR   ] Counter order level 1: Order 0: Price must be divisible by tick size. asset=1
[2026-04-07 02:35:19] [SCAN    ] Grid active — 0 live orders | realized P&L: $-50.0000
[2026-04-07 02:35:19] [REINIT  ] All orders consumed — reinitializing grid at current price...
[2026-04-07 02:35:20] [INIT    ] Grid prices: 2000 → 3000 | 10 levels | $50/level
[2026-04-07 02:35:27] [ERROR   ] Init level 0: Order 0: Insufficient margin to place order. asset=1
[2026-04-07 02:35:28] [ERROR   ] Init level 1: Order 0: Price must be divisible by tick size. asset=1
[2026-04-07 02:35:29] [ERROR   ] Init level 2: Order 0: Price must be divisible by tick size. asset=1
[2026-04-07 02:35:29] [ERROR   ] Init level 3: Order 0: Price must be divisible by tick size. asset=1
[2026-04-07 02:35:31] [ERROR   ] Init level 4: Order 0: Price must be divisible by tick size. asset=1
[2026-04-07 02:35:32] [ERROR   ] Init level 5: Order 0: Price must be divisible by tick size. asset=1
[2026-04-07 02:35:33] [ERROR   ] Init level 6: Order 0: Price must be divisible by tick size. asset=1
[2026-04-07 02:35:34] [ERROR   ] Init level 7: Order 0: Price must be divisible by tick size. asset=1
[2026-04-07 02:35:35] [ERROR   ] Init level 8: Order 0: Price must be divisible by tick size. asset=1
[2026-04-07 02:35:36] [ERROR   ] Init level 9: Order 0: Reduce only order would increase position. asset=1
[2026-04-07 02:35:36] [INIT    ] Placed 0 / 10 orders
[2026-04-07 02:35:36] [REINIT  ] Grid reinitialized at $2103.75
[2026-04-07 02:36:06] [SCAN    ] Grid active — 0 live orders | realized P&L: $-50.0000
[2026-04-07 02:36:06] [REINIT  ] All orders consumed — reinitializing grid at current price...
[2026-04-07 02:36:07] [INIT    ] Grid prices: 2000 → 3000 | 10 levels | $50/level
[2026-04-07 02:36:13] [ERROR   ] Init level 0: Order 0: Insufficient margin to place order. asset=1
[2026-04-07 02:36:14] [ERROR   ] Init level 1: Order 0: Price must be divisible by tick size. asset=1
[2026-04-07 02:36:16] [ERROR   ] Init level 2: Order 0: Price must be divisible by tick size. asset=1
[2026-04-07 02:36:17] [ERROR   ] Init level 3: Order 0: Price must be divisible by tick size. asset=1
[2026-04-07 02:36:18] [ERROR   ] Init level 4: Order 0: Price must be divisible by tick size. asset=1
[2026-04-07 02:36:19] [ERROR   ] Init level 5: Order 0: Price must be divisible by tick size. asset=1
[2026-04-07 02:36:20] [ERROR   ] Init level 6: Order 0: Price must be divisible by tick size. asset=1
[2026-04-07 02:36:22] [ERROR   ] Init level 7: Order 0: Price must be divisible by tick size. asset=1
[2026-04-07 02:36:23] [ERROR   ] Init level 8: Order 0: Price must be divisible by tick size. asset=1
[2026-04-07 02:36:24] [ERROR   ] Init level 9: Order 0: Reduce only order would increase position. asset=1
[2026-04-07 02:36:24] [INIT    ] Placed 0 / 10 orders
[2026-04-07 02:36:24] [REINIT  ] Grid reinitialized at $2104.55
[2026-04-07 02:36:39] [EXIT    ] Process exited — code ?
[2026-04-07 02:36:42] [START   ] ════════════════════════════════════════════════════════════
[2026-04-07 02:36:42] [START   ] Grid Bot
[2026-04-07 02:36:42] [START   ] Coin:     ETH
[2026-04-07 02:36:42] [START   ] Range:    $2000 – $3000  |  10 levels  |  $50/level
[2026-04-07 02:36:42] [START   ] Leverage: 1x  |  Check interval: 30s
[2026-04-07 02:36:42] [START   ] ════════════════════════════════════════════════════════════
[2026-04-07 02:36:43] [PRICE   ] Current ETH price: $2105.35
[2026-04-07 02:36:43] [AUDIT   ] ETH — no open position
[2026-04-07 02:36:43] [INIT    ] Grid prices: 2000 → 3000 | 10 levels | $50/level
[2026-04-07 02:36:44] [ERROR   ] Init level 0: Order 0: Insufficient margin to place order. asset=1
[2026-04-07 02:36:44] [INIT    ] Placed 0 / 10 orders
[2026-04-07 02:36:44] [RUN     ] Grid initialized. Monitoring for fills...
[2026-04-07 02:37:15] [SCAN    ] Grid active — 0 live orders | realized P&L: +$0.0000
[2026-04-07 02:37:15] [REINIT  ] All orders consumed — reinitializing grid at current price...
[2026-04-07 02:37:15] [INIT    ] Grid prices: 2000 → 3000 | 10 levels | $50/level
[2026-04-07 02:37:17] [ERROR   ] Init level 0: Order 0: Insufficient margin to place order. asset=1
[2026-04-07 02:37:17] [INIT    ] Placed 0 / 10 orders
[2026-04-07 02:37:17] [REINIT  ] Grid reinitialized at $2106.35
[2026-04-07 02:37:47] [SCAN    ] Grid active — 0 live orders | realized P&L: +$0.0000
[2026-04-07 02:37:47] [REINIT  ] All orders consumed — reinitializing grid at current price...
[2026-04-07 02:37:48] [INIT    ] Grid prices: 2000 → 3000 | 10 levels | $50/level
[2026-04-07 02:37:49] [ERROR   ] Init level 0: Order 0: Insufficient margin to place order. asset=1
[2026-04-07 02:37:49] [INIT    ] Placed 0 / 10 orders
[2026-04-07 02:37:49] [REINIT  ] Grid reinitialized at $2107.15
[2026-04-07 02:38:20] [SCAN    ] Grid active — 0 live orders | realized P&L: +$0.0000
[2026-04-07 02:38:20] [REINIT  ] All orders consumed — reinitializing grid at current price...
[2026-04-07 02:38:20] [INIT    ] Grid prices: 2000 → 3000 | 10 levels | $50/level
[2026-04-07 02:38:22] [ERROR   ] Init level 0: Order 0: Insufficient margin to place order. asset=1
[2026-04-07 02:38:22] [INIT    ] Placed 0 / 10 orders
[2026-04-07 02:38:22] [REINIT  ] Grid reinitialized at $2110.05
[2026-04-07 02:38:52] [SCAN    ] Grid active — 0 live orders | realized P&L: +$0.0000
[2026-04-07 02:38:52] [REINIT  ] All orders consumed — reinitializing grid at current price...
[2026-04-07 02:38:53] [INIT    ] Grid prices: 2000 → 3000 | 10 levels | $50/level
[2026-04-07 02:38:54] [ERROR   ] Init level 0: Order 0: Insufficient margin to place order. asset=1
[2026-04-07 02:38:54] [INIT    ] Placed 0 / 10 orders
[2026-04-07 02:38:54] [REINIT  ] Grid reinitialized at $2108.55
[2026-04-07 02:39:25] [SCAN    ] Grid active — 0 live orders | realized P&L: +$0.0000
[2026-04-07 02:39:25] [REINIT  ] All orders consumed — reinitializing grid at current price...
[2026-04-07 02:39:25] [INIT    ] Grid prices: 2000 → 3000 | 10 levels | $50/level
[2026-04-07 02:39:27] [ERROR   ] Init level 0: Order 0: Insufficient margin to place order. asset=1
[2026-04-07 02:39:27] [INIT    ] Placed 0 / 10 orders
[2026-04-07 02:39:27] [REINIT  ] Grid reinitialized at $2109.55
[2026-04-07 02:39:57] [SCAN    ] Grid active — 0 live orders | realized P&L: +$0.0000
[2026-04-07 02:39:57] [REINIT  ] All orders consumed — reinitializing grid at current price...
[2026-04-07 02:39:57] [INIT    ] Grid prices: 2000 → 3000 | 10 levels | $50/level
[2026-04-07 02:39:59] [ERROR   ] Init level 0: Order 0: Insufficient margin to place order. asset=1
[2026-04-07 02:39:59] [INIT    ] Placed 0 / 10 orders
[2026-04-07 02:39:59] [REINIT  ] Grid reinitialized at $2108.65
[2026-04-07 02:40:29] [SCAN    ] Grid active — 0 live orders | realized P&L: +$0.0000
[2026-04-07 02:40:29] [REINIT  ] All orders consumed — reinitializing grid at current price...
[2026-04-07 02:40:30] [INIT    ] Grid prices: 2000 → 3000 | 10 levels | $50/level
[2026-04-07 02:40:32] [ERROR   ] Init level 0: Order 0: Insufficient margin to place order. asset=1
[2026-04-07 02:40:32] [INIT    ] Placed 0 / 10 orders
[2026-04-07 02:40:32] [REINIT  ] Grid reinitialized at $2108.05
[2026-04-07 02:41:02] [SCAN    ] Grid active — 0 live orders | realized P&L: +$0.0000
[2026-04-07 02:41:02] [REINIT  ] All orders consumed — reinitializing grid at current price...
[2026-04-07 02:41:03] [INIT    ] Grid prices: 2000 → 3000 | 10 levels | $50/level
[2026-04-07 02:41:04] [ERROR   ] Init level 0: Order 0: Insufficient margin to place order. asset=1
[2026-04-07 02:41:04] [INIT    ] Placed 0 / 10 orders
[2026-04-07 02:41:04] [REINIT  ] Grid reinitialized at $2107.25
[2026-04-07 02:41:34] [SCAN    ] Grid active — 0 live orders | realized P&L: +$0.0000
[2026-04-07 02:41:34] [REINIT  ] All orders consumed — reinitializing grid at current price...
[2026-04-07 02:41:35] [INIT    ] Grid prices: 2000 → 3000 | 10 levels | $50/level
[2026-04-07 02:41:37] [ERROR   ] Init level 0: Order 0: Insufficient margin to place order. asset=1
[2026-04-07 02:41:37] [INIT    ] Placed 0 / 10 orders
[2026-04-07 02:41:37] [REINIT  ] Grid reinitialized at $2107.55
[2026-04-07 02:42:07] [SCAN    ] Grid active — 0 live orders | realized P&L: +$0.0000
[2026-04-07 02:42:07] [REINIT  ] All orders consumed — reinitializing grid at current price...
[2026-04-07 02:42:08] [INIT    ] Grid prices: 2000 → 3000 | 10 levels | $50/level
[2026-04-07 02:42:10] [ERROR   ] Init level 0: Order 0: Insufficient margin to place order. asset=1
[2026-04-07 02:42:10] [INIT    ] Placed 0 / 10 orders
[2026-04-07 02:42:10] [REINIT  ] Grid reinitialized at $2107.25
[2026-04-07 02:42:40] [SCAN    ] Grid active — 0 live orders | realized P&L: +$0.0000
[2026-04-07 02:42:40] [REINIT  ] All orders consumed — reinitializing grid at current price...
[2026-04-07 02:42:40] [INIT    ] Grid prices: 2000 → 3000 | 10 levels | $50/level
[2026-04-07 02:42:42] [ERROR   ] Init level 0: Order 0: Insufficient margin to place order. asset=1
[2026-04-07 02:42:42] [INIT    ] Placed 0 / 10 orders
[2026-04-07 02:42:42] [REINIT  ] Grid reinitialized at $2106.45
[2026-04-07 02:43:12] [SCAN    ] Grid active — 0 live orders | realized P&L: +$0.0000
[2026-04-07 02:43:12] [REINIT  ] All orders consumed — reinitializing grid at current price...
[2026-04-07 02:43:14] [INIT    ] Grid prices: 2000 → 3000 | 10 levels | $50/level
[2026-04-07 02:43:15] [ERROR   ] Init level 0: Order 0: Insufficient margin to place order. asset=1
[2026-04-07 02:43:15] [INIT    ] Placed 0 / 10 orders
[2026-04-07 02:43:15] [REINIT  ] Grid reinitialized at $2105.15
[2026-04-07 02:43:46] [SCAN    ] Grid active — 0 live orders | realized P&L: +$0.0000
[2026-04-07 02:43:46] [REINIT  ] All orders consumed — reinitializing grid at current price...
[2026-04-07 02:43:46] [INIT    ] Grid prices: 2000 → 3000 | 10 levels | $50/level
[2026-04-07 02:43:47] [ERROR   ] Init level 0: Order 0: Insufficient margin to place order. asset=1
[2026-04-07 02:43:47] [INIT    ] Placed 0 / 10 orders
[2026-04-07 02:43:47] [REINIT  ] Grid reinitialized at $2104.35
[2026-04-07 02:44:18] [SCAN    ] Grid active — 0 live orders | realized P&L: +$0.0000
[2026-04-07 02:44:18] [REINIT  ] All orders consumed — reinitializing grid at current price...
[2026-04-07 02:44:19] [INIT    ] Grid prices: 2000 → 3000 | 10 levels | $50/level
[2026-04-07 02:44:20] [ERROR   ] Init level 0: Order 0: Insufficient margin to place order. asset=1
[2026-04-07 02:44:20] [INIT    ] Placed 0 / 10 orders
[2026-04-07 02:44:20] [REINIT  ] Grid reinitialized at $2104.75
[2026-04-07 02:44:51] [SCAN    ] Grid active — 0 live orders | realized P&L: +$0.0000
[2026-04-07 02:44:51] [REINIT  ] All orders consumed — reinitializing grid at current price...
[2026-04-07 02:44:51] [INIT    ] Grid prices: 2000 → 3000 | 10 levels | $50/level
[2026-04-07 02:44:53] [ERROR   ] Init level 0: Order 0: Insufficient margin to place order. asset=1
[2026-04-07 02:44:53] [INIT    ] Placed 0 / 10 orders
[2026-04-07 02:44:53] [REINIT  ] Grid reinitialized at $2104.75
[2026-04-07 02:45:23] [SCAN    ] Grid active — 0 live orders | realized P&L: +$0.0000
[2026-04-07 02:45:23] [REINIT  ] All orders consumed — reinitializing grid at current price...
[2026-04-07 02:45:23] [INIT    ] Grid prices: 2000 → 3000 | 10 levels | $50/level
[2026-04-07 02:45:25] [ERROR   ] Init level 0: Order 0: Insufficient margin to place order. asset=1
[2026-04-07 02:45:25] [INIT    ] Placed 0 / 10 orders
[2026-04-07 02:45:25] [REINIT  ] Grid reinitialized at $2104.95
[2026-04-07 02:45:55] [SCAN    ] Grid active — 0 live orders | realized P&L: +$0.0000
[2026-04-07 02:45:55] [REINIT  ] All orders consumed — reinitializing grid at current price...
[2026-04-07 02:45:56] [INIT    ] Grid prices: 2000 → 3000 | 10 levels | $50/level
[2026-04-07 02:45:57] [ERROR   ] Init level 0: Order 0: Insufficient margin to place order. asset=1
[2026-04-07 02:45:57] [INIT    ] Placed 0 / 10 orders
[2026-04-07 02:45:57] [REINIT  ] Grid reinitialized at $2104.55
[2026-04-07 02:46:28] [SCAN    ] Grid active — 0 live orders | realized P&L: +$0.0000
[2026-04-07 02:46:28] [REINIT  ] All orders consumed — reinitializing grid at current price...
[2026-04-07 02:46:28] [INIT    ] Grid prices: 2000 → 3000 | 10 levels | $50/level
[2026-04-07 02:46:30] [ERROR   ] Init level 0: Order 0: Insufficient margin to place order. asset=1
[2026-04-07 02:46:30] [INIT    ] Placed 0 / 10 orders
[2026-04-07 02:46:30] [REINIT  ] Grid reinitialized at $2103.85
[2026-04-07 02:47:00] [SCAN    ] Grid active — 0 live orders | realized P&L: +$0.0000
[2026-04-07 02:47:00] [REINIT  ] All orders consumed — reinitializing grid at current price...
[2026-04-07 02:47:00] [INIT    ] Grid prices: 2000 → 3000 | 10 levels | $50/level
[2026-04-07 02:47:02] [ERROR   ] Init level 0: Order 0: Insufficient margin to place order. asset=1
[2026-04-07 02:47:02] [INIT    ] Placed 0 / 10 orders
[2026-04-07 02:47:02] [REINIT  ] Grid reinitialized at $2104.85
[2026-04-07 02:47:32] [SCAN    ] Grid active — 0 live orders | realized P&L: +$0.0000
[2026-04-07 02:47:32] [REINIT  ] All orders consumed — reinitializing grid at current price...
[2026-04-07 02:47:33] [INIT    ] Grid prices: 2000 → 3000 | 10 levels | $50/level
[2026-04-07 02:47:34] [ERROR   ] Init level 0: Order 0: Insufficient margin to place order. asset=1
[2026-04-07 02:47:34] [INIT    ] Placed 0 / 10 orders
[2026-04-07 02:47:34] [REINIT  ] Grid reinitialized at $2105.35
[2026-04-07 02:48:05] [SCAN    ] Grid active — 0 live orders | realized P&L: +$0.0000
[2026-04-07 02:48:05] [REINIT  ] All orders consumed — reinitializing grid at current price...
[2026-04-07 02:48:05] [INIT    ] Grid prices: 2000 → 3000 | 10 levels | $50/level
[2026-04-07 02:48:07] [ERROR   ] Init level 0: Order 0: Insufficient margin to place order. asset=1
[2026-04-07 02:48:07] [INIT    ] Placed 0 / 10 orders
[2026-04-07 02:48:07] [REINIT  ] Grid reinitialized at $2105.25
[2026-04-07 02:48:37] [SCAN    ] Grid active — 0 live orders | realized P&L: +$0.0000
[2026-04-07 02:48:37] [REINIT  ] All orders consumed — reinitializing grid at current price...
[2026-04-07 02:48:38] [INIT    ] Grid prices: 2000 → 3000 | 10 levels | $50/level
[2026-04-07 02:48:39] [ERROR   ] Init level 0: Order 0: Insufficient margin to place order. asset=1
[2026-04-07 02:48:39] [INIT    ] Placed 0 / 10 orders
[2026-04-07 02:48:39] [REINIT  ] Grid reinitialized at $2105.15
[2026-04-07 02:49:03] [EXIT    ] Process exited — code ?
[2026-04-07 02:49:05] [START   ] ════════════════════════════════════════════════════════════
[2026-04-07 02:49:05] [START   ] Grid Bot
[2026-04-07 02:49:05] [START   ] Coin:     XRP
[2026-04-07 02:49:05] [START   ] Range:    $1.25 – $1.35  |  10 levels  |  $50/level
[2026-04-07 02:49:05] [START   ] Leverage: 1x  |  Check interval: 30s
[2026-04-07 02:49:05] [START   ] ════════════════════════════════════════════════════════════
[2026-04-07 02:49:06] [INIT    ] Leverage set to 1x cross for XRP
[2026-04-07 02:49:06] [INIT    ] Free margin: $0.00 | Est. required: ~$250.00 ($50/level × ~5 buys ÷ 1x)
[2026-04-07 02:49:06] [ERROR   ] Insufficient free margin ($0.00) — need at least $50 per order at 1x leverage. Fund account or reduce --size.
[2026-04-07 02:49:06] [EXIT    ] Process exited — code 1
[2026-04-07 02:49:54] [START   ] ════════════════════════════════════════════════════════════
[2026-04-07 02:49:54] [START   ] Grid Bot
[2026-04-07 02:49:54] [START   ] Coin:     XRP
[2026-04-07 02:49:54] [START   ] Range:    $1.25 – $1.35  |  10 levels  |  $26.31/level
[2026-04-07 02:49:54] [START   ] Leverage: 6x  |  Check interval: 30s
[2026-04-07 02:49:54] [START   ] ════════════════════════════════════════════════════════════
[2026-04-07 02:49:55] [INIT    ] Leverage set to 6x cross for XRP
[2026-04-07 02:49:55] [INIT    ] Free margin: $0.00 | Est. required: ~$21.92 ($26.31/level × ~5 buys ÷ 6x)
[2026-04-07 02:49:55] [ERROR   ] Insufficient free margin ($0.00) — need at least $26.31 per order at 6x leverage. Fund account or reduce --size.
[2026-04-07 02:49:55] [EXIT    ] Process exited — code 1
[2026-04-07 02:55:19] [START   ] ════════════════════════════════════════════════════════════
[2026-04-07 02:55:19] [START   ] Grid Bot
[2026-04-07 02:55:19] [START   ] Coin:     XRP
[2026-04-07 02:55:19] [START   ] Range:    $1.25 – $1.35  |  10 levels  |  $13.15/level
[2026-04-07 02:55:19] [START   ] Leverage: 6x  |  Check interval: 30s
[2026-04-07 02:55:19] [START   ] ════════════════════════════════════════════════════════════
[2026-04-07 02:55:20] [INIT    ] Leverage set to 6x cross for XRP
[2026-04-07 02:55:20] [INIT    ] Free margin: $0.00 | Est. required: ~$10.96 ($13.15/level × ~5 buys ÷ 6x)
[2026-04-07 02:55:20] [ERROR   ] Insufficient free margin ($0.00) — need at least $13.15 per order at 6x leverage. Fund account or reduce --size.
[2026-04-07 02:55:20] [EXIT    ] Process exited — code 1
[STDERR] ERROR: --lower must be less than --upper
[2026-04-07 02:56:03] [EXIT    ] Process exited — code 1
[2026-04-07 02:56:30] [START   ] ════════════════════════════════════════════════════════════
[2026-04-07 02:56:30] [START   ] Grid Bot
[2026-04-07 02:56:30] [START   ] Coin:     XRP
[2026-04-07 02:56:30] [START   ] Range:    $1.25 – $1.35  |  10 levels  |  $13.15/level
[2026-04-07 02:56:30] [START   ] Leverage: 1x  |  Check interval: 30s
[2026-04-07 02:56:30] [START   ] ════════════════════════════════════════════════════════════
[2026-04-07 02:56:31] [INIT    ] Leverage set to 1x cross for XRP
[2026-04-07 02:56:31] [INIT    ] Free margin: $0.00 | Est. required: ~$65.75 ($13.15/level × ~5 buys ÷ 1x)
[2026-04-07 02:56:31] [ERROR   ] Insufficient free margin ($0.00) — need at least $13.15 per order at 1x leverage. Fund account or reduce --size.
[2026-04-07 02:56:31] [EXIT    ] Process exited — code 1
[2026-04-07 02:57:32] [START   ] ════════════════════════════════════════════════════════════
[2026-04-07 02:57:32] [START   ] Grid Bot
[2026-04-07 02:57:32] [START   ] Coin:     XRP
[2026-04-07 02:57:32] [START   ] Range:    $1.25 – $1.35  |  10 levels  |  $13.15/level
[2026-04-07 02:57:32] [START   ] Leverage: 6x  |  Check interval: 30s
[2026-04-07 02:57:32] [START   ] ════════════════════════════════════════════════════════════
[2026-04-07 02:57:33] [INIT    ] Leverage set to 6x cross for XRP
[2026-04-07 02:57:34] [INIT    ] Free margin: $0.00 | Est. required: ~$10.96 ($13.15/level × ~5 buys ÷ 6x)
[2026-04-07 02:57:34] [ERROR   ] Insufficient free margin ($0.00) — need at least $13.15 per order at 6x leverage. Fund account or reduce --size.
[2026-04-07 02:57:34] [EXIT    ] Process exited — code 1
[2026-04-07 03:01:42] [START   ] ════════════════════════════════════════════════════════════
[2026-04-07 03:01:42] [START   ] Grid Bot
[2026-04-07 03:01:42] [START   ] Coin:     XRP
[2026-04-07 03:01:42] [START   ] Range:    $1.25 – $1.3  |  10 levels  |  $5/level
[2026-04-07 03:01:42] [START   ] Leverage: 6x  |  Check interval: 30s
[2026-04-07 03:01:42] [START   ] ════════════════════════════════════════════════════════════
[2026-04-07 03:01:43] [INIT    ] Leverage set to 6x cross for XRP
[2026-04-07 03:01:43] [INIT    ] Margin check skipped (pass --address <master wallet> to enable)
[2026-04-07 03:01:43] [PRICE   ] Current XRP price: $1.31645
[2026-04-07 03:01:44] [AUDIT   ] XRP — no open position
[2026-04-07 03:01:44] [WARN    ] Price $1.31645 is outside grid range ($1.25–$1.3). Grid will still be placed.
[2026-04-07 03:01:44] [INIT    ] Grid prices: 1.25 → 1.3 | 10 levels | $5/level
[2026-04-07 03:01:45] [ERROR   ] Init level 0: Order 0: Order must have minimum value of $10. asset=25
[2026-04-07 03:01:46] [ERROR   ] Init level 1: Order 0: Order must have minimum value of $10. asset=25
[2026-04-07 03:01:47] [ERROR   ] Init level 2: Order 0: Order must have minimum value of $10. asset=25
[2026-04-07 03:01:48] [ERROR   ] Init level 3: Order 0: Order must have minimum value of $10. asset=25
[2026-04-07 03:01:49] [ERROR   ] Init level 4: Order 0: Order must have minimum value of $10. asset=25
[2026-04-07 03:01:50] [ERROR   ] Init level 5: Order 0: Order must have minimum value of $10. asset=25
[2026-04-07 03:01:51] [ERROR   ] Init level 6: Order 0: Order must have minimum value of $10. asset=25
[2026-04-07 03:01:52] [ERROR   ] Init level 7: Order 0: Order must have minimum value of $10. asset=25
[2026-04-07 03:01:53] [ERROR   ] Init level 8: Order 0: Order must have minimum value of $10. asset=25
[2026-04-07 03:01:54] [ERROR   ] Init level 9: Order 0: Order must have minimum value of $10. asset=25
[2026-04-07 03:01:54] [INIT    ] Placed 0 / 10 orders
[2026-04-07 03:01:54] [RUN     ] Grid initialized. Monitoring for fills...
[2026-04-07 03:02:24] [SCAN    ] Grid active — 0 live orders | realized P&L: +$0.0000
[2026-04-07 03:02:24] [REINIT  ] All orders consumed — reinitializing grid at current price...
[2026-04-07 03:02:25] [INIT    ] Grid prices: 1.25 → 1.3 | 10 levels | $5/level
[2026-04-07 03:02:26] [ERROR   ] Init level 0: Order 0: Order must have minimum value of $10. asset=25
[2026-04-07 03:02:27] [ERROR   ] Init level 1: Order 0: Order must have minimum value of $10. asset=25
[2026-04-07 03:02:28] [ERROR   ] Init level 2: Order 0: Order must have minimum value of $10. asset=25
[2026-04-07 03:02:28] [EXIT    ] Process exited — code ?
[2026-04-07 03:08:06] [START   ] ════════════════════════════════════════════════════════════
[2026-04-07 03:08:06] [START   ] Grid Bot
[2026-04-07 03:08:06] [START   ] Coin:     XRP
[2026-04-07 03:08:06] [START   ] Range:    $1.25 – $1.35  |  10 levels  |  $6.58/level
[2026-04-07 03:08:06] [START   ] Leverage: 6x  |  Check interval: 30s
[2026-04-07 03:08:06] [START   ] ════════════════════════════════════════════════════════════
[2026-04-07 03:08:07] [INIT    ] Leverage set to 6x cross for XRP
[2026-04-07 03:08:07] [INIT    ] Margin check skipped (pass --address <master wallet> to enable)
[2026-04-07 03:08:07] [PRICE   ] Current XRP price: $1.31595
[2026-04-07 03:08:08] [AUDIT   ] XRP — no open position
[2026-04-07 03:08:08] [INIT    ] Grid prices: 1.25 → 1.35 | 10 levels | $6.58/level
[2026-04-07 03:08:09] [ERROR   ] Init level 0: Order 0: Order must have minimum value of $10. asset=25
[2026-04-07 03:08:10] [ERROR   ] Init level 1: Order 0: Order must have minimum value of $10. asset=25
[2026-04-07 03:08:11] [ERROR   ] Init level 2: Order 0: Order must have minimum value of $10. asset=25
[2026-04-07 03:08:12] [ERROR   ] Init level 3: Order 0: Order must have minimum value of $10. asset=25
[2026-04-07 03:08:13] [ERROR   ] Init level 4: Order 0: Order must have minimum value of $10. asset=25
[2026-04-07 03:08:14] [ERROR   ] Init level 5: Order 0: Order must have minimum value of $10. asset=25
[2026-04-07 03:08:14] [INIT    ] Placed 0 / 10 orders
[2026-04-07 03:08:14] [RUN     ] Grid initialized. Monitoring for fills...
[2026-04-07 03:08:40] [EXIT    ] Process exited — code ?
[2026-04-07 03:11:20] [START   ] ════════════════════════════════════════════════════════════
[2026-04-07 03:11:20] [START   ] Grid Bot
[2026-04-07 03:11:20] [START   ] Coin:     XRP
[2026-04-07 03:11:20] [START   ] Range:    $1.25 – $1.35  |  5 levels  |  $10/level
[2026-04-07 03:11:20] [START   ] Leverage: 6x  |  Check interval: 30s
[2026-04-07 03:11:20] [START   ] ════════════════════════════════════════════════════════════
[2026-04-07 03:11:21] [INIT    ] Leverage set to 6x cross for XRP
[2026-04-07 03:11:21] [INIT    ] Margin check skipped (pass --address <master wallet> to enable)
[2026-04-07 03:11:21] [PRICE   ] Current XRP price: $1.31635
[2026-04-07 03:11:21] [AUDIT   ] XRP — no open position
[2026-04-07 03:11:21] [INIT    ] Grid prices: 1.25 → 1.35 | 5 levels | $10/level
[2026-04-07 03:11:22] [PLACE   ] Level  0 BUY @ $1.25  oid=372680927736
[2026-04-07 03:11:23] [ERROR   ] Init level 1: Order 0: Order must have minimum value of $10. asset=25
[2026-04-07 03:11:24] [ERROR   ] Init level 2: Order 0: Order must have minimum value of $10. asset=25
[2026-04-07 03:11:24] [INIT    ] Placed 1 / 5 orders
[2026-04-07 03:11:24] [RUN     ] Grid initialized. Monitoring for fills...
[2026-04-07 03:11:55] [CANCEL  ] Level 0 oid=372680927736 cancelled externally — removed from grid
[2026-04-07 03:11:55] [SCAN    ] Grid active — 0 live orders | realized P&L: +$0.0000
[2026-04-07 03:11:55] [REINIT  ] All orders consumed — reinitializing grid at current price...
[2026-04-07 03:11:55] [INIT    ] Grid prices: 1.25 → 1.35 | 5 levels | $10/level
[2026-04-07 03:11:56] [PLACE   ] Level  0 BUY @ $1.25  oid=372681186075
[2026-04-07 03:11:57] [ERROR   ] Init level 1: Order 0: Order must have minimum value of $10. asset=25
[2026-04-07 03:11:59] [ERROR   ] Init level 2: Order 0: Order must have minimum value of $10. asset=25
[2026-04-07 03:11:59] [INIT    ] Placed 1 / 5 orders
[2026-04-07 03:11:59] [REINIT  ] Grid reinitialized at $1.31595
[2026-04-07 03:12:29] [CANCEL  ] Level 0 oid=372681186075 cancelled externally — removed from grid
[2026-04-07 03:12:29] [SCAN    ] Grid active — 0 live orders | realized P&L: +$0.0000
[2026-04-07 03:12:29] [REINIT  ] All orders consumed — reinitializing grid at current price...
[2026-04-07 03:12:29] [INIT    ] Grid prices: 1.25 → 1.35 | 5 levels | $10/level
[2026-04-07 03:12:30] [PLACE   ] Level  0 BUY @ $1.25  oid=372681417256
[2026-04-07 03:12:31] [ERROR   ] Init level 1: Order 0: Order must have minimum value of $10. asset=25
[2026-04-07 03:12:32] [ERROR   ] Init level 2: Order 0: Order must have minimum value of $10. asset=25
[2026-04-07 03:12:32] [INIT    ] Placed 1 / 5 orders
[2026-04-07 03:12:32] [REINIT  ] Grid reinitialized at $1.31595
[2026-04-07 03:13:03] [CANCEL  ] Level 0 oid=372681417256 cancelled externally — removed from grid
[2026-04-07 03:13:03] [SCAN    ] Grid active — 0 live orders | realized P&L: +$0.0000
[2026-04-07 03:13:03] [REINIT  ] All orders consumed — reinitializing grid at current price...
[2026-04-07 03:13:03] [INIT    ] Grid prices: 1.25 → 1.35 | 5 levels | $10/level
[2026-04-07 03:13:04] [PLACE   ] Level  0 BUY @ $1.25  oid=372681611619
[2026-04-07 03:13:05] [ERROR   ] Init level 1: Order 0: Order must have minimum value of $10. asset=25
[2026-04-07 03:13:06] [ERROR   ] Init level 2: Order 0: Order must have minimum value of $10. asset=25
[2026-04-07 03:13:06] [INIT    ] Placed 1 / 5 orders
[2026-04-07 03:13:06] [REINIT  ] Grid reinitialized at $1.31585
[2026-04-07 03:13:37] [CANCEL  ] Level 0 oid=372681611619 cancelled externally — removed from grid
[2026-04-07 03:13:37] [SCAN    ] Grid active — 0 live orders | realized P&L: +$0.0000
[2026-04-07 03:13:37] [REINIT  ] All orders consumed — reinitializing grid at current price...
[2026-04-07 03:13:37] [INIT    ] Grid prices: 1.25 → 1.35 | 5 levels | $10/level
[2026-04-07 03:13:38] [PLACE   ] Level  0 BUY @ $1.25  oid=372681908690
[2026-04-07 03:13:39] [ERROR   ] Init level 1: Order 0: Order must have minimum value of $10. asset=25
[2026-04-07 03:13:40] [ERROR   ] Init level 2: Order 0: Order must have minimum value of $10. asset=25
[2026-04-07 03:13:40] [INIT    ] Placed 1 / 5 orders
[2026-04-07 03:13:40] [REINIT  ] Grid reinitialized at $1.31545
[2026-04-07 03:13:43] [EXIT    ] Process exited — code ?
[2026-04-07 03:13:47] [START   ] ════════════════════════════════════════════════════════════
[2026-04-07 03:13:47] [START   ] Grid Bot
[2026-04-07 03:13:47] [START   ] Coin:     XRP
[2026-04-07 03:13:47] [START   ] Range:    $1.25 – $1.35  |  5 levels  |  $10/level
[2026-04-07 03:13:47] [START   ] Leverage: 6x  |  Check interval: 30s
[2026-04-07 03:13:47] [START   ] ════════════════════════════════════════════════════════════
[2026-04-07 03:13:48] [INIT    ] Leverage set to 6x cross for XRP
[2026-04-07 03:13:48] [INIT    ] Margin check skipped (pass --address <master wallet> to enable)
[2026-04-07 03:13:49] [PRICE   ] Current XRP price: $1.31545
[2026-04-07 03:13:49] [AUDIT   ] XRP — no open position
[2026-04-07 03:13:49] [INIT    ] Grid prices: 1.25 → 1.35 | 5 levels | $10/level
[2026-04-07 03:13:50] [PLACE   ] Level  0 BUY @ $1.25  oid=372682048003
[2026-04-07 03:13:51] [PLACE   ] Level  1 BUY @ $1.275  oid=372682052707
[2026-04-07 03:13:52] [PLACE   ] Level  2 BUY @ $1.3  oid=372682059648
[2026-04-07 03:13:52] [INIT    ] Placed 3 / 5 orders
[2026-04-07 03:13:52] [RUN     ] Grid initialized. Monitoring for fills...
[2026-04-07 03:14:23] [CANCEL  ] Level 1 oid=372682052707 cancelled externally — removed from grid
[2026-04-07 03:14:23] [CANCEL  ] Level 0 oid=372682048003 cancelled externally — removed from grid
[2026-04-07 03:14:23] [CANCEL  ] Level 2 oid=372682059648 cancelled externally — removed from grid
[2026-04-07 03:14:23] [SCAN    ] Grid active — 0 live orders | realized P&L: +$0.0000
[2026-04-07 03:14:23] [REINIT  ] All orders consumed — reinitializing grid at current price...
[2026-04-07 03:14:23] [INIT    ] Grid prices: 1.25 → 1.35 | 5 levels | $10/level
[2026-04-07 03:14:24] [PLACE   ] Level  0 BUY @ $1.25  oid=372682277313
[2026-04-07 03:14:25] [PLACE   ] Level  1 BUY @ $1.275  oid=372682285850
[2026-04-07 03:14:26] [PLACE   ] Level  2 BUY @ $1.3  oid=372682292557
[2026-04-07 03:14:26] [INIT    ] Placed 3 / 5 orders
[2026-04-07 03:14:26] [REINIT  ] Grid reinitialized at $1.31545
[2026-04-07 03:14:57] [CANCEL  ] Level 1 oid=372682285850 cancelled externally — removed from grid
[2026-04-07 03:14:57] [CANCEL  ] Level 2 oid=372682292557 cancelled externally — removed from grid
[2026-04-07 03:14:57] [CANCEL  ] Level 0 oid=372682277313 cancelled externally — removed from grid
[2026-04-07 03:14:57] [SCAN    ] Grid active — 0 live orders | realized P&L: +$0.0000
[2026-04-07 03:14:57] [REINIT  ] All orders consumed — reinitializing grid at current price...
[2026-04-07 03:14:57] [INIT    ] Grid prices: 1.25 → 1.35 | 5 levels | $10/level
[2026-04-07 03:14:58] [PLACE   ] Level  0 BUY @ $1.25  oid=372682514179
[2026-04-07 03:14:59] [PLACE   ] Level  1 BUY @ $1.275  oid=372682524716
[2026-04-07 03:15:00] [PLACE   ] Level  2 BUY @ $1.3  oid=372682535476
[2026-04-07 03:15:00] [INIT    ] Placed 3 / 5 orders
[2026-04-07 03:15:00] [REINIT  ] Grid reinitialized at $1.31525
[2026-04-07 03:15:26] [EXIT    ] Process exited — code ?
