[STDERR] ERROR: --lower must be less than --upper
[2026-04-06 10:10:09] [EXIT    ] Process exited — code 1
[2026-04-06 10:10:32] [START   ] ════════════════════════════════════════════════════════════
[2026-04-06 10:10:32] [START   ] Grid Bot
[2026-04-06 10:10:32] [START   ] Coin:     XRP
[2026-04-06 10:10:32] [START   ] Range:    $1.3 – $1.35  |  10 levels  |  $50/level
[2026-04-06 10:10:32] [START   ] Leverage: 1x  |  Check interval: 30s
[2026-04-06 10:10:32] [START   ] ════════════════════════════════════════════════════════════
[2026-04-06 10:10:33] [PRICE   ] Current XRP price: $1.35525
[2026-04-06 10:10:33] [WARN    ] Price $1.35525 is outside grid range ($1.3–$1.35). Grid will still be placed.
[2026-04-06 10:10:33] [INIT    ] Grid prices: 1.3 → 1.35 | 10 levels | $50/level
[2026-04-06 10:10:40] [PLACE   ] Level  0 BUY @ $1.3  oid=371895762895
[2026-04-06 10:10:41] [ERROR   ] Init level 1: Order 0: Insufficient margin to place order. asset=25
[2026-04-06 10:10:42] [ERROR   ] Init level 2: Order 0: Insufficient margin to place order. asset=25
[2026-04-06 10:10:43] [ERROR   ] Init level 3: Order 0: Insufficient margin to place order. asset=25
[2026-04-06 10:10:44] [ERROR   ] Init level 4: Order 0: Insufficient margin to place order. asset=25
[2026-04-06 10:10:45] [ERROR   ] Init level 5: Order 0: Insufficient margin to place order. asset=25
[2026-04-06 10:10:46] [ERROR   ] Init level 6: Order 0: Insufficient margin to place order. asset=25
[2026-04-06 10:10:47] [ERROR   ] Init level 7: Order 0: Insufficient margin to place order. asset=25
[2026-04-06 10:10:48] [ERROR   ] Init level 8: Order 0: Insufficient margin to place order. asset=25
[2026-04-06 10:10:48] [EXIT    ] Process exited — code ?
[2026-04-06 10:11:25] [START   ] ════════════════════════════════════════════════════════════
[2026-04-06 10:11:25] [START   ] Grid Bot
[2026-04-06 10:11:25] [START   ] Coin:     XRP
[2026-04-06 10:11:25] [START   ] Range:    $1.3 – $1.35  |  10 levels  |  $5/level
[2026-04-06 10:11:25] [START   ] Leverage: 1x  |  Check interval: 30s
[2026-04-06 10:11:25] [START   ] ════════════════════════════════════════════════════════════
[2026-04-06 10:11:26] [PRICE   ] Current XRP price: $1.35585
[2026-04-06 10:11:26] [WARN    ] Price $1.35585 is outside grid range ($1.3–$1.35). Grid will still be placed.
[2026-04-06 10:11:26] [INIT    ] Grid prices: 1.3 → 1.35 | 10 levels | $5/level
[2026-04-06 10:11:33] [ERROR   ] Init level 0: Order 0: Order must have minimum value of $10. asset=25
[2026-04-06 10:11:34] [ERROR   ] Init level 1: Order 0: Order must have minimum value of $10. asset=25
[2026-04-06 10:11:35] [ERROR   ] Init level 2: Order 0: Order must have minimum value of $10. asset=25
[2026-04-06 10:11:36] [ERROR   ] Init level 3: Order 0: Order must have minimum value of $10. asset=25
[2026-04-06 10:11:37] [ERROR   ] Init level 4: Order 0: Order must have minimum value of $10. asset=25
[2026-04-06 10:11:38] [EXIT    ] Process exited — code ?
[2026-04-06 10:12:05] [START   ] ════════════════════════════════════════════════════════════
[2026-04-06 10:12:05] [START   ] Grid Bot
[2026-04-06 10:12:05] [START   ] Coin:     XRP
[2026-04-06 10:12:05] [START   ] Range:    $1.3 – $1.35  |  10 levels  |  $13.56/level
[2026-04-06 10:12:05] [START   ] Leverage: 5x  |  Check interval: 30s
[2026-04-06 10:12:05] [START   ] ════════════════════════════════════════════════════════════
[2026-04-06 10:12:06] [PRICE   ] Current XRP price: $1.35585
[2026-04-06 10:12:06] [WARN    ] Price $1.35585 is outside grid range ($1.3–$1.35). Grid will still be placed.
[2026-04-06 10:12:06] [INIT    ] Grid prices: 1.3 → 1.35 | 10 levels | $13.56/level
[2026-04-06 10:12:06] [EXIT    ] Process exited — code ?
[2026-04-06 10:13:53] [START   ] ════════════════════════════════════════════════════════════
[2026-04-06 10:13:53] [START   ] Grid Bot
[2026-04-06 10:13:53] [START   ] Coin:     XRP
[2026-04-06 10:13:53] [START   ] Range:    $1.3 – $1.35  |  10 levels  |  $13.56/level
[2026-04-06 10:13:53] [START   ] Leverage: 5x  |  Check interval: 30s
[2026-04-06 10:13:53] [START   ] ════════════════════════════════════════════════════════════
[2026-04-06 10:13:54] [PRICE   ] Current XRP price: $1.35585
[2026-04-06 10:13:54] [WARN    ] Price $1.35585 is outside grid range ($1.3–$1.35). Grid will still be placed.
[2026-04-06 10:13:54] [INIT    ] Grid prices: 1.3 → 1.35 | 10 levels | $13.56/level
[2026-04-06 10:14:01] [PLACE   ] Level  0 BUY @ $1.3  oid=371897930719
[2026-04-06 10:14:02] [PLACE   ] Level  1 BUY @ $1.306  oid=371897939422
[2026-04-06 10:14:03] [PLACE   ] Level  2 BUY @ $1.311  oid=371897945892
[2026-04-06 10:14:04] [PLACE   ] Level  3 BUY @ $1.317  oid=371897955393
[2026-04-06 10:14:06] [PLACE   ] Level  4 BUY @ $1.322  oid=371897962259
[2026-04-06 10:14:07] [PLACE   ] Level  5 BUY @ $1.328  oid=371897971299
[2026-04-06 10:14:08] [PLACE   ] Level  6 BUY @ $1.333  oid=371897978119
[2026-04-06 10:14:08] [PLACE   ] Level  7 BUY @ $1.339  oid=371897984619
[2026-04-06 10:14:10] [PLACE   ] Level  8 BUY @ $1.344  oid=371897991282
[2026-04-06 10:14:11] [PLACE   ] Level  9 BUY @ $1.35  oid=371897999859
[2026-04-06 10:14:11] [INIT    ] Placed 10 / 10 orders
[2026-04-06 10:14:11] [RUN     ] Grid initialized. Monitoring for fills...
[2026-04-06 10:14:41] [FILL    ] Level 0 BUY @ $1.3 filled
[2026-04-06 10:14:42] [CANCEL  ] Level 1 oid=371897939422
[2026-04-06 10:14:43] [PLACE   ] Level  1 SELL @ $1.306  oid=371898501070
[2026-04-06 10:14:43] [FILL    ] Level 1 BUY @ $1.306 filled
[2026-04-06 10:14:44] [CANCEL  ] Level 2 oid=371897945892
[2026-04-06 10:14:45] [PLACE   ] Level  2 SELL @ $1.311  oid=371898526960
[2026-04-06 10:14:45] [FILL    ] Level 2 BUY @ $1.311 filled
[2026-04-06 10:14:46] [CANCEL  ] Level 3 oid=371897955393
[2026-04-06 10:14:47] [PLACE   ] Level  3 SELL @ $1.317  oid=371898570136
[2026-04-06 10:14:47] [FILL    ] Level 3 BUY @ $1.317 filled
[2026-04-06 10:14:48] [CANCEL  ] Level 4 oid=371897962259
[2026-04-06 10:14:50] [PLACE   ] Level  4 SELL @ $1.322  oid=371898595189
[2026-04-06 10:14:50] [FILL    ] Level 4 BUY @ $1.322 filled
[2026-04-06 10:14:51] [CANCEL  ] Level 5 oid=371897971299
[2026-04-06 10:14:52] [PLACE   ] Level  5 SELL @ $1.328  oid=371898621772
[2026-04-06 10:14:52] [FILL    ] Level 5 BUY @ $1.328 filled
[2026-04-06 10:14:53] [CANCEL  ] Level 6 oid=371897978119
[2026-04-06 10:14:54] [PLACE   ] Level  6 SELL @ $1.333  oid=371898640270
[2026-04-06 10:14:54] [FILL    ] Level 6 BUY @ $1.333 filled
[2026-04-06 10:14:55] [CANCEL  ] Level 7 oid=371897984619
[2026-04-06 10:14:57] [PLACE   ] Level  7 SELL @ $1.339  oid=371898660501
[2026-04-06 10:14:57] [FILL    ] Level 7 BUY @ $1.339 filled
[2026-04-06 10:14:57] [CANCEL  ] Level 8 oid=371897991282
[2026-04-06 10:14:59] [PLACE   ] Level  8 SELL @ $1.344  oid=371898680730
[2026-04-06 10:14:59] [FILL    ] Level 8 BUY @ $1.344 filled
[2026-04-06 10:14:59] [CANCEL  ] Level 9 oid=371897999859
[2026-04-06 10:15:01] [PLACE   ] Level  9 SELL @ $1.35  oid=371898704453
[2026-04-06 10:15:01] [FILL    ] Level 9 BUY @ $1.35 filled
[2026-04-06 10:15:01] [EDGE    ] Level 9 at grid edge — no counter order placed
[2026-04-06 10:15:01] [SCAN    ] Grid active — 0 live orders
[2026-04-06 10:15:08] [EXIT    ] Process exited — code ?
[2026-04-06 10:23:13] [START   ] ════════════════════════════════════════════════════════════
[2026-04-06 10:23:13] [START   ] Grid Bot
[2026-04-06 10:23:13] [START   ] Coin:     XRP
[2026-04-06 10:23:13] [START   ] Range:    $1.3 – $1.4  |  10 levels  |  $13.56/level
[2026-04-06 10:23:13] [START   ] Leverage: 5x  |  Check interval: 30s
[2026-04-06 10:23:13] [START   ] ════════════════════════════════════════════════════════════
[2026-04-06 10:23:15] [PRICE   ] Current XRP price: $1.35635
[2026-04-06 10:23:15] [INIT    ] Grid prices: 1.3 → 1.4 | 10 levels | $13.56/level
[2026-04-06 10:23:21] [PLACE   ] Level  0 BUY @ $1.3  oid=371903966983
[2026-04-06 10:23:22] [PLACE   ] Level  1 BUY @ $1.311  oid=371903973043
[2026-04-06 10:23:23] [PLACE   ] Level  2 BUY @ $1.322  oid=371903980632
[2026-04-06 10:23:24] [PLACE   ] Level  3 BUY @ $1.333  oid=371903986921
[2026-04-06 10:23:25] [PLACE   ] Level  4 BUY @ $1.344  oid=371903995168
[2026-04-06 10:23:26] [PLACE   ] Level  5 BUY @ $1.356  oid=371904000392
[2026-04-06 10:23:27] [ERROR   ] Init level 6: Order 0: Reduce only order would increase position. asset=25
[2026-04-06 10:23:28] [ERROR   ] Init level 7: Order 0: Reduce only order would increase position. asset=25
[2026-04-06 10:23:29] [ERROR   ] Init level 8: Order 0: Reduce only order would increase position. asset=25
[2026-04-06 10:23:30] [ERROR   ] Init level 9: Order 0: Reduce only order would increase position. asset=25
[2026-04-06 10:23:30] [INIT    ] Placed 6 / 10 orders
[2026-04-06 10:23:30] [RUN     ] Grid initialized. Monitoring for fills...
[2026-04-06 10:24:01] [FILL    ] Level 0 BUY @ $1.3 filled
[2026-04-06 10:24:01] [CANCEL  ] Level 1 oid=371903973043
[2026-04-06 10:24:03] [ERROR   ] Counter order level 1: Order 0: Reduce only order would increase position. asset=25
[2026-04-06 10:24:03] [FILL    ] Level 1 BUY @ $1.311 filled
[2026-04-06 10:24:04] [CANCEL  ] Level 2 oid=371903980632
[2026-04-06 10:24:06] [ERROR   ] Counter order level 2: Order 0: Reduce only order would increase position. asset=25
[2026-04-06 10:24:06] [FILL    ] Level 2 BUY @ $1.322 filled
[2026-04-06 10:24:06] [CANCEL  ] Level 3 oid=371903986921
[2026-04-06 10:24:08] [ERROR   ] Counter order level 3: Order 0: Reduce only order would increase position. asset=25
[2026-04-06 10:24:08] [FILL    ] Level 3 BUY @ $1.333 filled
[2026-04-06 10:24:08] [CANCEL  ] Level 4 oid=371903995168
[2026-04-06 10:24:10] [ERROR   ] Counter order level 4: Order 0: Reduce only order would increase position. asset=25
[2026-04-06 10:24:10] [FILL    ] Level 4 BUY @ $1.344 filled
[2026-04-06 10:24:12] [ERROR   ] Counter order level 5: Order 0: Reduce only order would increase position. asset=25
[2026-04-06 10:24:12] [FILL    ] Level 5 BUY @ $1.356 filled
[2026-04-06 10:24:13] [ERROR   ] Counter order level 6: Order 0: Reduce only order would increase position. asset=25
[2026-04-06 10:24:13] [SCAN    ] Grid active — 0 live orders
[2026-04-06 10:24:44] [SCAN    ] Grid active — 0 live orders
[2026-04-06 10:25:14] [SCAN    ] Grid active — 0 live orders
[2026-04-06 10:25:44] [SCAN    ] Grid active — 0 live orders
[2026-04-06 10:26:15] [SCAN    ] Grid active — 0 live orders
[2026-04-06 10:26:45] [SCAN    ] Grid active — 0 live orders
[2026-04-06 10:27:15] [SCAN    ] Grid active — 0 live orders
[2026-04-06 10:27:46] [SCAN    ] Grid active — 0 live orders
[2026-04-06 10:28:16] [SCAN    ] Grid active — 0 live orders
[2026-04-06 10:28:47] [SCAN    ] Grid active — 0 live orders
[2026-04-06 10:29:17] [SCAN    ] Grid active — 0 live orders
[2026-04-06 10:29:48] [SCAN    ] Grid active — 0 live orders
[2026-04-06 10:30:18] [SCAN    ] Grid active — 0 live orders
[2026-04-06 10:30:49] [SCAN    ] Grid active — 0 live orders
[2026-04-06 10:31:19] [SCAN    ] Grid active — 0 live orders
[2026-04-06 10:31:49] [SCAN    ] Grid active — 0 live orders
[2026-04-06 10:32:20] [SCAN    ] Grid active — 0 live orders
[2026-04-06 10:32:50] [SCAN    ] Grid active — 0 live orders
[2026-04-06 10:33:20] [SCAN    ] Grid active — 0 live orders
[2026-04-06 10:33:51] [SCAN    ] Grid active — 0 live orders
[2026-04-06 10:34:21] [SCAN    ] Grid active — 0 live orders
[2026-04-06 10:34:52] [SCAN    ] Grid active — 0 live orders
[2026-04-06 10:35:22] [SCAN    ] Grid active — 0 live orders
[2026-04-06 10:35:52] [SCAN    ] Grid active — 0 live orders
[2026-04-06 10:36:23] [SCAN    ] Grid active — 0 live orders
[2026-04-06 10:36:53] [SCAN    ] Grid active — 0 live orders
[2026-04-06 10:37:23] [SCAN    ] Grid active — 0 live orders
[2026-04-06 10:37:54] [SCAN    ] Grid active — 0 live orders
[2026-04-06 10:38:24] [SCAN    ] Grid active — 0 live orders
[2026-04-06 10:38:55] [SCAN    ] Grid active — 0 live orders
[2026-04-06 10:39:25] [SCAN    ] Grid active — 0 live orders
[2026-04-06 10:39:55] [SCAN    ] Grid active — 0 live orders
[2026-04-06 10:40:26] [SCAN    ] Grid active — 0 live orders
[2026-04-06 10:40:56] [SCAN    ] Grid active — 0 live orders
[2026-04-06 10:41:27] [SCAN    ] Grid active — 0 live orders
[2026-04-06 10:41:57] [SCAN    ] Grid active — 0 live orders
[2026-04-06 10:42:27] [SCAN    ] Grid active — 0 live orders
[2026-04-06 10:42:58] [SCAN    ] Grid active — 0 live orders
[2026-04-06 10:43:29] [SCAN    ] Grid active — 0 live orders
[2026-04-06 10:43:59] [SCAN    ] Grid active — 0 live orders
[2026-04-06 10:44:29] [SCAN    ] Grid active — 0 live orders
[2026-04-06 10:45:00] [SCAN    ] Grid active — 0 live orders
[2026-04-06 10:45:30] [SCAN    ] Grid active — 0 live orders
[2026-04-06 10:46:00] [SCAN    ] Grid active — 0 live orders
[2026-04-06 10:46:31] [SCAN    ] Grid active — 0 live orders
[2026-04-06 10:47:01] [SCAN    ] Grid active — 0 live orders
[2026-04-06 10:47:31] [SCAN    ] Grid active — 0 live orders
[2026-04-06 10:48:02] [SCAN    ] Grid active — 0 live orders
[2026-04-06 10:48:32] [SCAN    ] Grid active — 0 live orders
[2026-04-06 10:49:03] [SCAN    ] Grid active — 0 live orders
[2026-04-06 10:49:33] [SCAN    ] Grid active — 0 live orders
[2026-04-06 10:50:03] [SCAN    ] Grid active — 0 live orders
[2026-04-06 10:50:34] [SCAN    ] Grid active — 0 live orders
[2026-04-06 10:51:04] [SCAN    ] Grid active — 0 live orders
[2026-04-06 10:51:35] [SCAN    ] Grid active — 0 live orders
[2026-04-06 10:52:05] [SCAN    ] Grid active — 0 live orders
[2026-04-06 10:52:36] [SCAN    ] Grid active — 0 live orders
[2026-04-06 10:53:06] [SCAN    ] Grid active — 0 live orders
[2026-04-06 10:53:36] [SCAN    ] Grid active — 0 live orders
[2026-04-06 10:54:07] [SCAN    ] Grid active — 0 live orders
[2026-04-06 10:54:37] [SCAN    ] Grid active — 0 live orders
[2026-04-06 10:55:07] [SCAN    ] Grid active — 0 live orders
[2026-04-06 10:55:38] [SCAN    ] Grid active — 0 live orders
[2026-04-06 10:56:08] [SCAN    ] Grid active — 0 live orders
[2026-04-06 10:56:39] [SCAN    ] Grid active — 0 live orders
[2026-04-06 10:57:10] [SCAN    ] Grid active — 0 live orders
[2026-04-06 10:57:40] [SCAN    ] Grid active — 0 live orders
[2026-04-06 10:58:10] [SCAN    ] Grid active — 0 live orders
[2026-04-06 10:58:41] [SCAN    ] Grid active — 0 live orders
[2026-04-06 10:59:11] [SCAN    ] Grid active — 0 live orders
[2026-04-06 10:59:42] [SCAN    ] Grid active — 0 live orders
[2026-04-06 11:00:12] [SCAN    ] Grid active — 0 live orders
[2026-04-06 11:00:43] [SCAN    ] Grid active — 0 live orders
[2026-04-06 11:01:13] [SCAN    ] Grid active — 0 live orders
[2026-04-06 11:01:43] [SCAN    ] Grid active — 0 live orders
[2026-04-06 11:02:14] [SCAN    ] Grid active — 0 live orders
[2026-04-06 11:02:44] [SCAN    ] Grid active — 0 live orders
[2026-04-06 11:03:15] [SCAN    ] Grid active — 0 live orders
[2026-04-06 11:03:45] [SCAN    ] Grid active — 0 live orders
[2026-04-06 11:04:15] [SCAN    ] Grid active — 0 live orders
[2026-04-06 11:04:46] [SCAN    ] Grid active — 0 live orders
[2026-04-06 11:05:16] [SCAN    ] Grid active — 0 live orders
[2026-04-06 11:05:46] [SCAN    ] Grid active — 0 live orders
[2026-04-06 11:06:17] [SCAN    ] Grid active — 0 live orders
[2026-04-06 11:06:47] [SCAN    ] Grid active — 0 live orders
[2026-04-06 11:07:17] [SCAN    ] Grid active — 0 live orders
[2026-04-06 11:07:48] [SCAN    ] Grid active — 0 live orders
[2026-04-06 11:08:18] [SCAN    ] Grid active — 0 live orders
[2026-04-06 11:08:49] [SCAN    ] Grid active — 0 live orders
[2026-04-06 11:09:19] [SCAN    ] Grid active — 0 live orders
[2026-04-06 11:09:50] [SCAN    ] Grid active — 0 live orders
[2026-04-06 11:10:20] [SCAN    ] Grid active — 0 live orders
[2026-04-06 11:10:50] [SCAN    ] Grid active — 0 live orders
[2026-04-06 11:11:21] [SCAN    ] Grid active — 0 live orders
[2026-04-06 11:11:51] [SCAN    ] Grid active — 0 live orders
[2026-04-06 11:12:22] [SCAN    ] Grid active — 0 live orders
[2026-04-06 11:12:52] [SCAN    ] Grid active — 0 live orders
[2026-04-06 11:13:22] [SCAN    ] Grid active — 0 live orders
[2026-04-06 11:13:53] [SCAN    ] Grid active — 0 live orders
[2026-04-06 11:14:23] [SCAN    ] Grid active — 0 live orders
[2026-04-06 11:14:54] [SCAN    ] Grid active — 0 live orders
[2026-04-06 11:15:24] [SCAN    ] Grid active — 0 live orders
[2026-04-06 11:15:54] [SCAN    ] Grid active — 0 live orders
[2026-04-06 11:16:25] [SCAN    ] Grid active — 0 live orders
[2026-04-06 11:16:55] [SCAN    ] Grid active — 0 live orders
[2026-04-06 11:17:25] [SCAN    ] Grid active — 0 live orders
[2026-04-06 11:17:56] [SCAN    ] Grid active — 0 live orders
[2026-04-06 11:18:26] [SCAN    ] Grid active — 0 live orders
[2026-04-06 11:18:57] [SCAN    ] Grid active — 0 live orders
[2026-04-06 11:19:27] [SCAN    ] Grid active — 0 live orders
[2026-04-06 11:19:57] [SCAN    ] Grid active — 0 live orders
[2026-04-06 11:20:28] [SCAN    ] Grid active — 0 live orders
[2026-04-06 11:20:58] [SCAN    ] Grid active — 0 live orders
[2026-04-06 11:21:29] [SCAN    ] Grid active — 0 live orders
[2026-04-06 11:21:59] [SCAN    ] Grid active — 0 live orders
[2026-04-06 11:22:30] [SCAN    ] Grid active — 0 live orders
[2026-04-06 11:23:00] [SCAN    ] Grid active — 0 live orders
[2026-04-06 11:23:30] [SCAN    ] Grid active — 0 live orders
[2026-04-06 11:24:01] [SCAN    ] Grid active — 0 live orders
[2026-04-06 11:24:31] [SCAN    ] Grid active — 0 live orders
[2026-04-06 11:25:02] [SCAN    ] Grid active — 0 live orders
[2026-04-06 11:25:32] [SCAN    ] Grid active — 0 live orders
[2026-04-06 11:26:02] [SCAN    ] Grid active — 0 live orders
[2026-04-06 11:26:33] [SCAN    ] Grid active — 0 live orders
[2026-04-06 11:27:03] [SCAN    ] Grid active — 0 live orders
[2026-04-06 11:27:33] [SCAN    ] Grid active — 0 live orders
[2026-04-06 11:28:04] [SCAN    ] Grid active — 0 live orders
[2026-04-06 11:28:34] [SCAN    ] Grid active — 0 live orders
[2026-04-06 11:29:04] [SCAN    ] Grid active — 0 live orders
[2026-04-06 11:29:35] [SCAN    ] Grid active — 0 live orders
[2026-04-06 11:30:05] [SCAN    ] Grid active — 0 live orders
[2026-04-06 11:30:36] [SCAN    ] Grid active — 0 live orders
[2026-04-06 11:31:06] [SCAN    ] Grid active — 0 live orders
[2026-04-06 11:31:36] [SCAN    ] Grid active — 0 live orders
[2026-04-06 11:32:07] [SCAN    ] Grid active — 0 live orders
[2026-04-06 11:32:37] [SCAN    ] Grid active — 0 live orders
[2026-04-06 11:33:07] [SCAN    ] Grid active — 0 live orders
[2026-04-06 11:33:38] [SCAN    ] Grid active — 0 live orders
[2026-04-06 11:34:08] [SCAN    ] Grid active — 0 live orders
[2026-04-06 11:34:38] [SCAN    ] Grid active — 0 live orders
[2026-04-06 11:35:09] [SCAN    ] Grid active — 0 live orders
[2026-04-06 11:35:39] [SCAN    ] Grid active — 0 live orders
[2026-04-06 11:36:10] [SCAN    ] Grid active — 0 live orders
[2026-04-06 11:36:40] [SCAN    ] Grid active — 0 live orders
[2026-04-06 11:37:10] [SCAN    ] Grid active — 0 live orders
[2026-04-06 11:37:41] [SCAN    ] Grid active — 0 live orders
[2026-04-06 11:38:11] [SCAN    ] Grid active — 0 live orders
[2026-04-06 11:38:41] [SCAN    ] Grid active — 0 live orders
[2026-04-06 11:39:12] [SCAN    ] Grid active — 0 live orders
[2026-04-06 11:39:42] [SCAN    ] Grid active — 0 live orders
[2026-04-06 11:40:13] [SCAN    ] Grid active — 0 live orders
[2026-04-06 11:40:43] [SCAN    ] Grid active — 0 live orders
[2026-04-06 11:41:14] [SCAN    ] Grid active — 0 live orders
[2026-04-06 11:41:44] [SCAN    ] Grid active — 0 live orders
[2026-04-06 11:42:15] [SCAN    ] Grid active — 0 live orders
[2026-04-06 11:42:45] [SCAN    ] Grid active — 0 live orders
[2026-04-06 11:43:15] [SCAN    ] Grid active — 0 live orders
[2026-04-06 11:43:46] [SCAN    ] Grid active — 0 live orders
[2026-04-06 11:44:16] [SCAN    ] Grid active — 0 live orders
[2026-04-06 11:44:47] [SCAN    ] Grid active — 0 live orders
[2026-04-06 11:45:17] [SCAN    ] Grid active — 0 live orders
[2026-04-06 11:45:47] [SCAN    ] Grid active — 0 live orders
[2026-04-06 11:46:18] [SCAN    ] Grid active — 0 live orders
[2026-04-06 11:46:48] [SCAN    ] Grid active — 0 live orders
[2026-04-06 11:47:18] [SCAN    ] Grid active — 0 live orders
[2026-04-06 11:47:49] [SCAN    ] Grid active — 0 live orders
[2026-04-06 11:48:19] [SCAN    ] Grid active — 0 live orders
[2026-04-06 11:48:50] [SCAN    ] Grid active — 0 live orders
[2026-04-06 11:49:20] [SCAN    ] Grid active — 0 live orders
[2026-04-06 11:49:51] [SCAN    ] Grid active — 0 live orders
[2026-04-06 11:50:21] [SCAN    ] Grid active — 0 live orders
[2026-04-06 11:50:51] [SCAN    ] Grid active — 0 live orders
[2026-04-06 11:51:22] [SCAN    ] Grid active — 0 live orders
[2026-04-06 11:51:52] [SCAN    ] Grid active — 0 live orders
[2026-04-06 11:52:22] [SCAN    ] Grid active — 0 live orders
[2026-04-06 11:52:53] [SCAN    ] Grid active — 0 live orders
[2026-04-06 11:53:23] [SCAN    ] Grid active — 0 live orders
[2026-04-06 11:53:53] [SCAN    ] Grid active — 0 live orders
[2026-04-06 11:54:24] [SCAN    ] Grid active — 0 live orders
[2026-04-06 11:54:55] [SCAN    ] Grid active — 0 live orders
[2026-04-06 11:55:25] [SCAN    ] Grid active — 0 live orders
[2026-04-06 11:55:55] [SCAN    ] Grid active — 0 live orders
[2026-04-06 11:56:26] [SCAN    ] Grid active — 0 live orders
[2026-04-06 11:56:56] [SCAN    ] Grid active — 0 live orders
[2026-04-06 11:57:27] [SCAN    ] Grid active — 0 live orders
[2026-04-06 11:57:57] [SCAN    ] Grid active — 0 live orders
[2026-04-06 11:58:27] [SCAN    ] Grid active — 0 live orders
[2026-04-06 11:58:58] [SCAN    ] Grid active — 0 live orders
[2026-04-06 11:59:28] [SCAN    ] Grid active — 0 live orders
[2026-04-06 11:59:58] [SCAN    ] Grid active — 0 live orders
[2026-04-06 12:00:29] [SCAN    ] Grid active — 0 live orders
[2026-04-06 12:00:59] [SCAN    ] Grid active — 0 live orders
[2026-04-06 12:01:30] [SCAN    ] Grid active — 0 live orders
[2026-04-06 12:02:00] [SCAN    ] Grid active — 0 live orders
[2026-04-06 12:02:31] [SCAN    ] Grid active — 0 live orders
[2026-04-06 12:03:01] [SCAN    ] Grid active — 0 live orders
[2026-04-06 12:03:31] [SCAN    ] Grid active — 0 live orders
[2026-04-06 12:04:02] [SCAN    ] Grid active — 0 live orders
[2026-04-06 12:04:32] [SCAN    ] Grid active — 0 live orders
[2026-04-06 12:05:02] [SCAN    ] Grid active — 0 live orders
[2026-04-06 12:05:33] [SCAN    ] Grid active — 0 live orders
[2026-04-06 12:06:03] [SCAN    ] Grid active — 0 live orders
[2026-04-06 12:06:34] [SCAN    ] Grid active — 0 live orders
[2026-04-06 12:07:04] [SCAN    ] Grid active — 0 live orders
[2026-04-06 12:07:34] [SCAN    ] Grid active — 0 live orders
[2026-04-06 12:08:05] [SCAN    ] Grid active — 0 live orders
[2026-04-06 12:08:35] [SCAN    ] Grid active — 0 live orders
[2026-04-06 12:09:05] [SCAN    ] Grid active — 0 live orders
[2026-04-06 12:09:36] [SCAN    ] Grid active — 0 live orders
[2026-04-06 12:10:06] [SCAN    ] Grid active — 0 live orders
[2026-04-06 12:10:36] [SCAN    ] Grid active — 0 live orders
[2026-04-06 12:11:07] [SCAN    ] Grid active — 0 live orders
[2026-04-06 12:11:38] [SCAN    ] Grid active — 0 live orders
[2026-04-06 12:12:08] [SCAN    ] Grid active — 0 live orders
[2026-04-06 12:12:39] [SCAN    ] Grid active — 0 live orders
[2026-04-06 12:13:09] [SCAN    ] Grid active — 0 live orders
[2026-04-06 12:13:39] [SCAN    ] Grid active — 0 live orders
[2026-04-06 12:14:10] [SCAN    ] Grid active — 0 live orders
[2026-04-06 12:14:40] [SCAN    ] Grid active — 0 live orders
[2026-04-06 12:15:10] [SCAN    ] Grid active — 0 live orders
[2026-04-06 12:15:41] [SCAN    ] Grid active — 0 live orders
[2026-04-06 12:16:11] [SCAN    ] Grid active — 0 live orders
[2026-04-06 12:16:42] [SCAN    ] Grid active — 0 live orders
[2026-04-06 12:17:12] [SCAN    ] Grid active — 0 live orders
[2026-04-06 12:17:42] [SCAN    ] Grid active — 0 live orders
[2026-04-06 12:18:13] [SCAN    ] Grid active — 0 live orders
[2026-04-06 12:18:43] [SCAN    ] Grid active — 0 live orders
[2026-04-06 12:19:13] [SCAN    ] Grid active — 0 live orders
[2026-04-06 12:19:44] [SCAN    ] Grid active — 0 live orders
[2026-04-06 12:20:14] [SCAN    ] Grid active — 0 live orders
[2026-04-06 12:20:45] [SCAN    ] Grid active — 0 live orders
[2026-04-06 12:21:15] [SCAN    ] Grid active — 0 live orders
[2026-04-06 12:21:45] [SCAN    ] Grid active — 0 live orders
[2026-04-06 12:22:16] [SCAN    ] Grid active — 0 live orders
[2026-04-06 12:22:46] [SCAN    ] Grid active — 0 live orders
[2026-04-06 12:23:16] [SCAN    ] Grid active — 0 live orders
[2026-04-06 12:23:47] [SCAN    ] Grid active — 0 live orders
[2026-04-06 12:24:17] [SCAN    ] Grid active — 0 live orders
[2026-04-06 12:24:48] [SCAN    ] Grid active — 0 live orders
[2026-04-06 12:25:18] [SCAN    ] Grid active — 0 live orders
[2026-04-06 12:25:48] [SCAN    ] Grid active — 0 live orders
[2026-04-06 12:26:19] [SCAN    ] Grid active — 0 live orders
[2026-04-06 12:26:50] [SCAN    ] Grid active — 0 live orders
[2026-04-06 12:27:20] [SCAN    ] Grid active — 0 live orders
[2026-04-06 12:27:50] [SCAN    ] Grid active — 0 live orders
[2026-04-06 12:28:21] [SCAN    ] Grid active — 0 live orders
[2026-04-06 12:28:51] [SCAN    ] Grid active — 0 live orders
[2026-04-06 12:29:21] [SCAN    ] Grid active — 0 live orders
[2026-04-06 12:29:52] [SCAN    ] Grid active — 0 live orders
[2026-04-06 12:30:22] [SCAN    ] Grid active — 0 live orders
[2026-04-06 12:30:53] [SCAN    ] Grid active — 0 live orders
[2026-04-06 12:31:23] [SCAN    ] Grid active — 0 live orders
[2026-04-06 12:31:53] [SCAN    ] Grid active — 0 live orders
[2026-04-06 12:32:24] [SCAN    ] Grid active — 0 live orders
[2026-04-06 12:32:54] [SCAN    ] Grid active — 0 live orders
[2026-04-06 12:33:24] [SCAN    ] Grid active — 0 live orders
[2026-04-06 12:33:55] [SCAN    ] Grid active — 0 live orders
[2026-04-06 12:34:25] [SCAN    ] Grid active — 0 live orders
[2026-04-06 12:34:55] [SCAN    ] Grid active — 0 live orders
[2026-04-06 12:35:26] [SCAN    ] Grid active — 0 live orders
[2026-04-06 12:35:56] [SCAN    ] Grid active — 0 live orders
[2026-04-06 12:36:27] [SCAN    ] Grid active — 0 live orders
[2026-04-06 12:36:57] [SCAN    ] Grid active — 0 live orders
[2026-04-06 12:37:27] [SCAN    ] Grid active — 0 live orders
[2026-04-06 12:37:58] [SCAN    ] Grid active — 0 live orders
[2026-04-06 12:38:28] [SCAN    ] Grid active — 0 live orders
[2026-04-06 12:38:59] [SCAN    ] Grid active — 0 live orders
[2026-04-06 12:39:29] [SCAN    ] Grid active — 0 live orders
[2026-04-06 12:39:59] [SCAN    ] Grid active — 0 live orders
[2026-04-06 12:40:30] [SCAN    ] Grid active — 0 live orders
[2026-04-06 12:41:00] [SCAN    ] Grid active — 0 live orders
[2026-04-06 12:41:31] [SCAN    ] Grid active — 0 live orders
[2026-04-06 12:42:01] [SCAN    ] Grid active — 0 live orders
[2026-04-06 12:42:32] [SCAN    ] Grid active — 0 live orders
[2026-04-06 12:43:02] [SCAN    ] Grid active — 0 live orders
[2026-04-06 12:43:32] [SCAN    ] Grid active — 0 live orders
[2026-04-06 12:44:03] [SCAN    ] Grid active — 0 live orders
[2026-04-06 12:44:33] [SCAN    ] Grid active — 0 live orders
[2026-04-06 12:45:03] [SCAN    ] Grid active — 0 live orders
[2026-04-06 12:45:34] [SCAN    ] Grid active — 0 live orders
[2026-04-06 12:46:04] [SCAN    ] Grid active — 0 live orders
[2026-04-06 12:46:34] [SCAN    ] Grid active — 0 live orders
[2026-04-06 12:47:05] [SCAN    ] Grid active — 0 live orders
[2026-04-06 12:47:35] [SCAN    ] Grid active — 0 live orders
[2026-04-06 12:48:06] [SCAN    ] Grid active — 0 live orders
[2026-04-06 12:48:36] [SCAN    ] Grid active — 0 live orders
[2026-04-06 12:49:06] [SCAN    ] Grid active — 0 live orders
[2026-04-06 12:49:37] [SCAN    ] Grid active — 0 live orders
[2026-04-06 12:50:07] [SCAN    ] Grid active — 0 live orders
[2026-04-06 12:50:38] [SCAN    ] Grid active — 0 live orders
[2026-04-06 12:51:08] [SCAN    ] Grid active — 0 live orders
[2026-04-06 12:51:38] [SCAN    ] Grid active — 0 live orders
[2026-04-06 12:52:09] [SCAN    ] Grid active — 0 live orders
[2026-04-06 12:52:39] [SCAN    ] Grid active — 0 live orders
[2026-04-06 12:53:09] [SCAN    ] Grid active — 0 live orders
[2026-04-06 12:53:40] [SCAN    ] Grid active — 0 live orders
[2026-04-06 12:54:10] [SCAN    ] Grid active — 0 live orders
[2026-04-06 12:54:41] [SCAN    ] Grid active — 0 live orders
[2026-04-06 12:55:11] [SCAN    ] Grid active — 0 live orders
[2026-04-06 12:55:41] [SCAN    ] Grid active — 0 live orders
[2026-04-06 12:56:12] [SCAN    ] Grid active — 0 live orders
[2026-04-06 12:56:42] [SCAN    ] Grid active — 0 live orders
[2026-04-06 12:57:13] [SCAN    ] Grid active — 0 live orders
[2026-04-06 12:57:43] [SCAN    ] Grid active — 0 live orders
[2026-04-06 12:58:14] [SCAN    ] Grid active — 0 live orders
[2026-04-06 12:58:44] [SCAN    ] Grid active — 0 live orders
[2026-04-06 12:59:15] [SCAN    ] Grid active — 0 live orders
[2026-04-06 12:59:45] [SCAN    ] Grid active — 0 live orders
[2026-04-06 13:00:15] [SCAN    ] Grid active — 0 live orders
[2026-04-06 13:00:46] [SCAN    ] Grid active — 0 live orders
[2026-04-06 13:01:16] [SCAN    ] Grid active — 0 live orders
[2026-04-06 13:01:47] [SCAN    ] Grid active — 0 live orders
[2026-04-06 13:02:17] [SCAN    ] Grid active — 0 live orders
[2026-04-06 13:02:47] [SCAN    ] Grid active — 0 live orders
[2026-04-06 13:03:18] [SCAN    ] Grid active — 0 live orders
[2026-04-06 13:03:48] [SCAN    ] Grid active — 0 live orders
[2026-04-06 13:04:19] [SCAN    ] Grid active — 0 live orders
[2026-04-06 13:04:49] [SCAN    ] Grid active — 0 live orders
[2026-04-06 13:05:19] [SCAN    ] Grid active — 0 live orders
[2026-04-06 13:05:50] [SCAN    ] Grid active — 0 live orders
[2026-04-06 13:06:20] [SCAN    ] Grid active — 0 live orders
[2026-04-06 13:06:51] [SCAN    ] Grid active — 0 live orders
[2026-04-06 13:07:21] [SCAN    ] Grid active — 0 live orders
[2026-04-06 13:07:51] [SCAN    ] Grid active — 0 live orders
[2026-04-06 13:08:22] [SCAN    ] Grid active — 0 live orders
[2026-04-06 13:08:52] [SCAN    ] Grid active — 0 live orders
[2026-04-06 13:09:23] [SCAN    ] Grid active — 0 live orders
[2026-04-06 13:09:54] [SCAN    ] Grid active — 0 live orders
[2026-04-06 13:10:24] [SCAN    ] Grid active — 0 live orders
[2026-04-06 13:10:54] [SCAN    ] Grid active — 0 live orders
[2026-04-06 13:11:25] [SCAN    ] Grid active — 0 live orders
[2026-04-06 13:11:55] [SCAN    ] Grid active — 0 live orders
[2026-04-06 13:12:26] [SCAN    ] Grid active — 0 live orders
[2026-04-06 13:12:56] [SCAN    ] Grid active — 0 live orders
[2026-04-06 13:13:27] [SCAN    ] Grid active — 0 live orders
[2026-04-06 13:13:57] [SCAN    ] Grid active — 0 live orders
[2026-04-06 13:14:27] [SCAN    ] Grid active — 0 live orders
[2026-04-06 13:14:58] [SCAN    ] Grid active — 0 live orders
[2026-04-06 13:15:28] [SCAN    ] Grid active — 0 live orders
[2026-04-06 13:15:58] [SCAN    ] Grid active — 0 live orders
[2026-04-06 13:16:29] [SCAN    ] Grid active — 0 live orders
[2026-04-06 13:16:59] [SCAN    ] Grid active — 0 live orders
[2026-04-06 13:17:30] [SCAN    ] Grid active — 0 live orders
[2026-04-06 13:18:00] [SCAN    ] Grid active — 0 live orders
[2026-04-06 13:18:30] [SCAN    ] Grid active — 0 live orders
[2026-04-06 13:19:01] [SCAN    ] Grid active — 0 live orders
[2026-04-06 13:19:31] [SCAN    ] Grid active — 0 live orders
[2026-04-06 13:20:01] [SCAN    ] Grid active — 0 live orders
[2026-04-06 13:20:32] [SCAN    ] Grid active — 0 live orders
[2026-04-06 13:21:02] [SCAN    ] Grid active — 0 live orders
[2026-04-06 13:21:33] [SCAN    ] Grid active — 0 live orders
[2026-04-06 13:22:03] [SCAN    ] Grid active — 0 live orders
[2026-04-06 13:22:33] [SCAN    ] Grid active — 0 live orders
[2026-04-06 13:23:04] [SCAN    ] Grid active — 0 live orders
[2026-04-06 13:23:34] [SCAN    ] Grid active — 0 live orders
[2026-04-06 13:24:05] [SCAN    ] Grid active — 0 live orders
[2026-04-06 13:24:35] [SCAN    ] Grid active — 0 live orders
[2026-04-06 13:25:05] [SCAN    ] Grid active — 0 live orders
[2026-04-06 13:25:36] [SCAN    ] Grid active — 0 live orders
[2026-04-06 13:26:06] [SCAN    ] Grid active — 0 live orders
[2026-04-06 13:26:36] [SCAN    ] Grid active — 0 live orders
[2026-04-06 13:27:07] [SCAN    ] Grid active — 0 live orders
[2026-04-06 13:27:37] [SCAN    ] Grid active — 0 live orders
[2026-04-06 13:28:07] [SCAN    ] Grid active — 0 live orders
[2026-04-06 13:28:38] [SCAN    ] Grid active — 0 live orders
[2026-04-06 13:29:08] [SCAN    ] Grid active — 0 live orders
[2026-04-06 13:29:39] [SCAN    ] Grid active — 0 live orders
[2026-04-06 13:30:09] [SCAN    ] Grid active — 0 live orders
[2026-04-06 13:30:40] [SCAN    ] Grid active — 0 live orders
[2026-04-06 13:31:10] [SCAN    ] Grid active — 0 live orders
[2026-04-06 13:31:40] [SCAN    ] Grid active — 0 live orders
[2026-04-06 13:32:11] [SCAN    ] Grid active — 0 live orders
[2026-04-06 13:32:41] [SCAN    ] Grid active — 0 live orders
[2026-04-06 13:33:11] [SCAN    ] Grid active — 0 live orders
[2026-04-06 13:33:42] [SCAN    ] Grid active — 0 live orders
[2026-04-06 13:34:12] [SCAN    ] Grid active — 0 live orders
[2026-04-06 13:34:43] [SCAN    ] Grid active — 0 live orders
[2026-04-06 13:35:13] [SCAN    ] Grid active — 0 live orders
[2026-04-06 13:35:43] [SCAN    ] Grid active — 0 live orders
[2026-04-06 13:36:14] [SCAN    ] Grid active — 0 live orders
[2026-04-06 13:36:44] [SCAN    ] Grid active — 0 live orders
[2026-04-06 13:37:14] [SCAN    ] Grid active — 0 live orders
[2026-04-06 13:37:45] [SCAN    ] Grid active — 0 live orders
[2026-04-06 13:38:15] [SCAN    ] Grid active — 0 live orders
[2026-04-06 13:38:46] [SCAN    ] Grid active — 0 live orders
[2026-04-06 13:39:16] [SCAN    ] Grid active — 0 live orders
[2026-04-06 13:39:46] [SCAN    ] Grid active — 0 live orders
[2026-04-06 13:40:17] [SCAN    ] Grid active — 0 live orders
[2026-04-06 13:40:47] [SCAN    ] Grid active — 0 live orders
[2026-04-06 13:41:18] [SCAN    ] Grid active — 0 live orders
[2026-04-06 13:41:48] [SCAN    ] Grid active — 0 live orders
[2026-04-06 13:42:18] [SCAN    ] Grid active — 0 live orders
[2026-04-06 13:42:49] [SCAN    ] Grid active — 0 live orders
[2026-04-06 13:43:19] [SCAN    ] Grid active — 0 live orders
[2026-04-06 13:43:49] [SCAN    ] Grid active — 0 live orders
[2026-04-06 13:44:20] [SCAN    ] Grid active — 0 live orders
[2026-04-06 13:44:50] [SCAN    ] Grid active — 0 live orders
[2026-04-06 13:45:21] [SCAN    ] Grid active — 0 live orders
[2026-04-06 13:45:51] [SCAN    ] Grid active — 0 live orders
[2026-04-06 13:46:21] [SCAN    ] Grid active — 0 live orders
[2026-04-06 13:46:52] [SCAN    ] Grid active — 0 live orders
[2026-04-06 13:47:22] [SCAN    ] Grid active — 0 live orders
[2026-04-06 13:47:52] [SCAN    ] Grid active — 0 live orders
[2026-04-06 13:48:23] [SCAN    ] Grid active — 0 live orders
[2026-04-06 13:48:53] [SCAN    ] Grid active — 0 live orders
[2026-04-06 13:49:23] [SCAN    ] Grid active — 0 live orders
[2026-04-06 13:49:54] [SCAN    ] Grid active — 0 live orders
[2026-04-06 13:50:24] [SCAN    ] Grid active — 0 live orders
[2026-04-06 13:50:55] [SCAN    ] Grid active — 0 live orders
[2026-04-06 13:51:25] [SCAN    ] Grid active — 0 live orders
[2026-04-06 13:51:56] [SCAN    ] Grid active — 0 live orders
[2026-04-06 13:52:26] [SCAN    ] Grid active — 0 live orders
[2026-04-06 13:52:56] [SCAN    ] Grid active — 0 live orders
[2026-04-06 13:53:27] [SCAN    ] Grid active — 0 live orders
[2026-04-06 13:53:57] [SCAN    ] Grid active — 0 live orders
[2026-04-06 13:54:27] [SCAN    ] Grid active — 0 live orders
[2026-04-06 13:54:58] [SCAN    ] Grid active — 0 live orders
[2026-04-06 13:55:29] [SCAN    ] Grid active — 0 live orders
[2026-04-06 13:55:59] [SCAN    ] Grid active — 0 live orders
[2026-04-06 13:56:29] [SCAN    ] Grid active — 0 live orders
[2026-04-06 13:57:00] [SCAN    ] Grid active — 0 live orders
[2026-04-06 13:57:30] [SCAN    ] Grid active — 0 live orders
[2026-04-06 13:58:01] [SCAN    ] Grid active — 0 live orders
[2026-04-06 13:58:31] [SCAN    ] Grid active — 0 live orders
[2026-04-06 13:59:01] [SCAN    ] Grid active — 0 live orders
[2026-04-06 13:59:32] [SCAN    ] Grid active — 0 live orders
[2026-04-06 14:00:02] [SCAN    ] Grid active — 0 live orders
[2026-04-06 14:00:33] [SCAN    ] Grid active — 0 live orders
[2026-04-06 14:01:03] [SCAN    ] Grid active — 0 live orders
[2026-04-06 14:01:33] [SCAN    ] Grid active — 0 live orders
[2026-04-06 14:02:04] [SCAN    ] Grid active — 0 live orders
[2026-04-06 14:02:34] [SCAN    ] Grid active — 0 live orders
[2026-04-06 14:03:05] [SCAN    ] Grid active — 0 live orders
[2026-04-06 14:03:35] [SCAN    ] Grid active — 0 live orders
[2026-04-06 14:04:05] [SCAN    ] Grid active — 0 live orders
[2026-04-06 14:04:36] [SCAN    ] Grid active — 0 live orders
[2026-04-06 14:05:06] [SCAN    ] Grid active — 0 live orders
[2026-04-06 14:05:36] [SCAN    ] Grid active — 0 live orders
[2026-04-06 14:06:07] [SCAN    ] Grid active — 0 live orders
[2026-04-06 14:06:37] [SCAN    ] Grid active — 0 live orders
[2026-04-06 14:07:08] [SCAN    ] Grid active — 0 live orders
[2026-04-06 14:07:38] [SCAN    ] Grid active — 0 live orders
[2026-04-06 14:08:09] [SCAN    ] Grid active — 0 live orders
[2026-04-06 14:08:39] [SCAN    ] Grid active — 0 live orders
[2026-04-06 14:09:09] [SCAN    ] Grid active — 0 live orders
[2026-04-06 14:09:40] [SCAN    ] Grid active — 0 live orders
[2026-04-06 14:10:10] [SCAN    ] Grid active — 0 live orders
[2026-04-06 14:10:41] [SCAN    ] Grid active — 0 live orders
[2026-04-06 14:11:11] [SCAN    ] Grid active — 0 live orders
[2026-04-06 14:11:41] [SCAN    ] Grid active — 0 live orders
[2026-04-06 14:12:12] [SCAN    ] Grid active — 0 live orders
[2026-04-06 14:12:42] [SCAN    ] Grid active — 0 live orders
[2026-04-06 14:13:12] [SCAN    ] Grid active — 0 live orders
[2026-04-06 14:13:43] [SCAN    ] Grid active — 0 live orders
[2026-04-06 14:14:13] [SCAN    ] Grid active — 0 live orders
[2026-04-06 14:14:44] [SCAN    ] Grid active — 0 live orders
[2026-04-06 14:15:14] [SCAN    ] Grid active — 0 live orders
[2026-04-06 14:15:44] [SCAN    ] Grid active — 0 live orders
[2026-04-06 14:16:15] [SCAN    ] Grid active — 0 live orders
[2026-04-06 14:16:45] [SCAN    ] Grid active — 0 live orders
[2026-04-06 14:17:15] [SCAN    ] Grid active — 0 live orders
[2026-04-06 14:17:46] [SCAN    ] Grid active — 0 live orders
[2026-04-06 14:18:16] [SCAN    ] Grid active — 0 live orders
[2026-04-06 14:18:47] [SCAN    ] Grid active — 0 live orders
[2026-04-06 14:19:17] [SCAN    ] Grid active — 0 live orders
[2026-04-06 14:19:48] [SCAN    ] Grid active — 0 live orders
[2026-04-06 14:20:18] [SCAN    ] Grid active — 0 live orders
[2026-04-06 14:20:48] [SCAN    ] Grid active — 0 live orders
[2026-04-06 14:21:19] [SCAN    ] Grid active — 0 live orders
[2026-04-06 14:21:49] [SCAN    ] Grid active — 0 live orders
[2026-04-06 14:22:20] [SCAN    ] Grid active — 0 live orders
[2026-04-06 14:22:50] [SCAN    ] Grid active — 0 live orders
[2026-04-06 14:23:20] [SCAN    ] Grid active — 0 live orders
[2026-04-06 14:23:51] [SCAN    ] Grid active — 0 live orders
[2026-04-06 14:24:21] [SCAN    ] Grid active — 0 live orders
[2026-04-06 14:24:52] [SCAN    ] Grid active — 0 live orders
[2026-04-06 14:25:22] [SCAN    ] Grid active — 0 live orders
[2026-04-06 14:25:52] [SCAN    ] Grid active — 0 live orders
[2026-04-06 14:26:23] [SCAN    ] Grid active — 0 live orders
[2026-04-06 14:26:53] [SCAN    ] Grid active — 0 live orders
[2026-04-06 14:27:23] [SCAN    ] Grid active — 0 live orders
[2026-04-06 14:27:54] [SCAN    ] Grid active — 0 live orders
[2026-04-06 14:28:24] [SCAN    ] Grid active — 0 live orders
[2026-04-06 14:28:55] [SCAN    ] Grid active — 0 live orders
[2026-04-06 14:29:25] [SCAN    ] Grid active — 0 live orders
[2026-04-06 14:29:55] [SCAN    ] Grid active — 0 live orders
[2026-04-06 14:30:26] [SCAN    ] Grid active — 0 live orders
[2026-04-06 14:30:56] [SCAN    ] Grid active — 0 live orders
[2026-04-06 14:31:26] [SCAN    ] Grid active — 0 live orders
[2026-04-06 14:31:57] [SCAN    ] Grid active — 0 live orders
[2026-04-06 14:32:27] [SCAN    ] Grid active — 0 live orders
[2026-04-06 14:32:57] [SCAN    ] Grid active — 0 live orders
[2026-04-06 14:33:28] [SCAN    ] Grid active — 0 live orders
[2026-04-06 14:33:58] [SCAN    ] Grid active — 0 live orders
[2026-04-06 14:34:29] [SCAN    ] Grid active — 0 live orders
[2026-04-06 14:34:59] [SCAN    ] Grid active — 0 live orders
[2026-04-06 14:35:29] [SCAN    ] Grid active — 0 live orders
[2026-04-06 14:36:00] [SCAN    ] Grid active — 0 live orders
[2026-04-06 14:36:30] [SCAN    ] Grid active — 0 live orders
[2026-04-06 14:37:01] [SCAN    ] Grid active — 0 live orders
[2026-04-06 14:37:31] [SCAN    ] Grid active — 0 live orders
[2026-04-06 14:38:02] [SCAN    ] Grid active — 0 live orders
[2026-04-06 14:38:32] [SCAN    ] Grid active — 0 live orders
[2026-04-06 14:39:03] [SCAN    ] Grid active — 0 live orders
[2026-04-06 14:39:33] [SCAN    ] Grid active — 0 live orders
[2026-04-06 14:40:04] [SCAN    ] Grid active — 0 live orders
[2026-04-06 14:40:34] [SCAN    ] Grid active — 0 live orders
[2026-04-06 14:41:04] [SCAN    ] Grid active — 0 live orders
[2026-04-06 14:41:35] [SCAN    ] Grid active — 0 live orders
[2026-04-06 14:42:05] [SCAN    ] Grid active — 0 live orders
[2026-04-06 14:42:35] [SCAN    ] Grid active — 0 live orders
[2026-04-06 14:43:06] [SCAN    ] Grid active — 0 live orders
[2026-04-06 14:43:36] [SCAN    ] Grid active — 0 live orders
[2026-04-06 14:44:07] [SCAN    ] Grid active — 0 live orders
[2026-04-06 14:44:37] [SCAN    ] Grid active — 0 live orders
[2026-04-06 14:45:07] [SCAN    ] Grid active — 0 live orders
[2026-04-06 14:45:38] [SCAN    ] Grid active — 0 live orders
[2026-04-06 14:46:08] [SCAN    ] Grid active — 0 live orders
[2026-04-06 14:46:38] [SCAN    ] Grid active — 0 live orders
[2026-04-06 14:47:09] [SCAN    ] Grid active — 0 live orders
[2026-04-06 14:47:39] [SCAN    ] Grid active — 0 live orders
[2026-04-06 14:48:10] [SCAN    ] Grid active — 0 live orders
[2026-04-06 14:48:40] [SCAN    ] Grid active — 0 live orders
[2026-04-06 14:49:10] [SCAN    ] Grid active — 0 live orders
[2026-04-06 14:49:41] [SCAN    ] Grid active — 0 live orders
[2026-04-06 14:50:11] [SCAN    ] Grid active — 0 live orders
[2026-04-06 14:50:41] [SCAN    ] Grid active — 0 live orders
[2026-04-06 14:51:12] [SCAN    ] Grid active — 0 live orders
[2026-04-06 14:51:43] [SCAN    ] Grid active — 0 live orders
[2026-04-06 14:52:13] [SCAN    ] Grid active — 0 live orders
[2026-04-06 14:52:43] [SCAN    ] Grid active — 0 live orders
[2026-04-06 14:53:14] [SCAN    ] Grid active — 0 live orders
[2026-04-06 14:53:44] [SCAN    ] Grid active — 0 live orders
[2026-04-06 14:54:15] [SCAN    ] Grid active — 0 live orders
[2026-04-06 14:54:45] [SCAN    ] Grid active — 0 live orders
[2026-04-06 14:55:15] [SCAN    ] Grid active — 0 live orders
[2026-04-06 14:55:46] [SCAN    ] Grid active — 0 live orders
[2026-04-06 14:56:16] [SCAN    ] Grid active — 0 live orders
[2026-04-06 14:56:46] [SCAN    ] Grid active — 0 live orders
[2026-04-06 14:57:17] [SCAN    ] Grid active — 0 live orders
[2026-04-06 14:57:47] [SCAN    ] Grid active — 0 live orders
[2026-04-06 14:58:17] [SCAN    ] Grid active — 0 live orders
[2026-04-06 14:58:48] [SCAN    ] Grid active — 0 live orders
[2026-04-06 14:59:18] [SCAN    ] Grid active — 0 live orders
[2026-04-06 14:59:49] [SCAN    ] Grid active — 0 live orders
[2026-04-06 15:00:19] [SCAN    ] Grid active — 0 live orders
[2026-04-06 15:00:49] [SCAN    ] Grid active — 0 live orders
[2026-04-06 15:01:20] [SCAN    ] Grid active — 0 live orders
[2026-04-06 15:01:50] [SCAN    ] Grid active — 0 live orders
[2026-04-06 15:02:20] [SCAN    ] Grid active — 0 live orders
[2026-04-06 15:02:51] [SCAN    ] Grid active — 0 live orders
[2026-04-06 15:03:21] [SCAN    ] Grid active — 0 live orders
[2026-04-06 15:03:51] [SCAN    ] Grid active — 0 live orders
[2026-04-06 15:04:22] [SCAN    ] Grid active — 0 live orders
[2026-04-06 15:04:52] [SCAN    ] Grid active — 0 live orders
[2026-04-06 15:05:23] [SCAN    ] Grid active — 0 live orders
[2026-04-06 15:05:53] [SCAN    ] Grid active — 0 live orders
[2026-04-06 15:06:23] [SCAN    ] Grid active — 0 live orders
[2026-04-06 15:06:54] [SCAN    ] Grid active — 0 live orders
[2026-04-06 15:07:24] [SCAN    ] Grid active — 0 live orders
[2026-04-06 15:07:55] [SCAN    ] Grid active — 0 live orders
[2026-04-06 15:08:25] [SCAN    ] Grid active — 0 live orders
[2026-04-06 15:08:55] [SCAN    ] Grid active — 0 live orders
[2026-04-06 15:09:26] [SCAN    ] Grid active — 0 live orders
[2026-04-06 15:09:56] [SCAN    ] Grid active — 0 live orders
[2026-04-06 15:10:27] [SCAN    ] Grid active — 0 live orders
[2026-04-06 15:10:57] [SCAN    ] Grid active — 0 live orders
[2026-04-06 15:11:27] [SCAN    ] Grid active — 0 live orders
[2026-04-06 15:11:58] [SCAN    ] Grid active — 0 live orders
[2026-04-06 15:12:28] [SCAN    ] Grid active — 0 live orders
[2026-04-06 15:12:59] [SCAN    ] Grid active — 0 live orders
[2026-04-06 15:13:29] [SCAN    ] Grid active — 0 live orders
[2026-04-06 15:13:59] [SCAN    ] Grid active — 0 live orders
[2026-04-06 15:14:30] [SCAN    ] Grid active — 0 live orders
[2026-04-06 15:15:00] [SCAN    ] Grid active — 0 live orders
[2026-04-06 15:15:31] [SCAN    ] Grid active — 0 live orders
[2026-04-06 15:16:01] [SCAN    ] Grid active — 0 live orders
[2026-04-06 15:16:31] [SCAN    ] Grid active — 0 live orders
[2026-04-06 15:17:02] [SCAN    ] Grid active — 0 live orders
[2026-04-06 15:17:32] [SCAN    ] Grid active — 0 live orders
[2026-04-06 15:18:02] [SCAN    ] Grid active — 0 live orders
[2026-04-06 15:18:33] [SCAN    ] Grid active — 0 live orders
[2026-04-06 15:19:03] [SCAN    ] Grid active — 0 live orders
[2026-04-06 15:19:34] [SCAN    ] Grid active — 0 live orders
[2026-04-06 15:20:04] [SCAN    ] Grid active — 0 live orders
[2026-04-06 15:20:34] [SCAN    ] Grid active — 0 live orders
[2026-04-06 15:21:05] [SCAN    ] Grid active — 0 live orders
[2026-04-06 15:21:35] [SCAN    ] Grid active — 0 live orders
[2026-04-06 15:22:05] [SCAN    ] Grid active — 0 live orders
[2026-04-06 15:22:36] [SCAN    ] Grid active — 0 live orders
[2026-04-06 15:23:07] [SCAN    ] Grid active — 0 live orders
[2026-04-06 15:23:37] [SCAN    ] Grid active — 0 live orders
[2026-04-06 15:24:07] [SCAN    ] Grid active — 0 live orders
[2026-04-06 15:24:38] [SCAN    ] Grid active — 0 live orders
[2026-04-06 15:25:08] [SCAN    ] Grid active — 0 live orders
[2026-04-06 15:25:39] [SCAN    ] Grid active — 0 live orders
[2026-04-06 15:26:09] [SCAN    ] Grid active — 0 live orders
[2026-04-06 15:26:39] [SCAN    ] Grid active — 0 live orders
[2026-04-06 15:27:10] [SCAN    ] Grid active — 0 live orders
[2026-04-06 15:27:40] [SCAN    ] Grid active — 0 live orders
[2026-04-06 15:28:10] [SCAN    ] Grid active — 0 live orders
[2026-04-06 15:28:41] [SCAN    ] Grid active — 0 live orders
[2026-04-06 15:29:11] [SCAN    ] Grid active — 0 live orders
[2026-04-06 15:29:41] [SCAN    ] Grid active — 0 live orders
[2026-04-06 15:30:12] [SCAN    ] Grid active — 0 live orders
[2026-04-06 15:30:42] [SCAN    ] Grid active — 0 live orders
[2026-04-06 15:31:13] [SCAN    ] Grid active — 0 live orders
[2026-04-06 15:31:43] [SCAN    ] Grid active — 0 live orders
[2026-04-06 15:32:13] [SCAN    ] Grid active — 0 live orders
[2026-04-06 15:32:44] [SCAN    ] Grid active — 0 live orders
[2026-04-06 15:33:14] [SCAN    ] Grid active — 0 live orders
[2026-04-06 15:33:44] [SCAN    ] Grid active — 0 live orders
[2026-04-06 15:34:15] [SCAN    ] Grid active — 0 live orders
[2026-04-06 15:34:45] [SCAN    ] Grid active — 0 live orders
[2026-04-06 15:35:16] [SCAN    ] Grid active — 0 live orders
[2026-04-06 15:35:46] [SCAN    ] Grid active — 0 live orders
[2026-04-06 15:36:16] [SCAN    ] Grid active — 0 live orders
[2026-04-06 15:36:47] [SCAN    ] Grid active — 0 live orders
[2026-04-06 15:37:17] [SCAN    ] Grid active — 0 live orders
[2026-04-06 15:37:47] [SCAN    ] Grid active — 0 live orders
[2026-04-06 15:38:18] [SCAN    ] Grid active — 0 live orders
[2026-04-06 15:38:49] [SCAN    ] Grid active — 0 live orders
[2026-04-06 15:39:19] [SCAN    ] Grid active — 0 live orders
[2026-04-06 15:39:49] [SCAN    ] Grid active — 0 live orders
[2026-04-06 15:40:20] [SCAN    ] Grid active — 0 live orders
[2026-04-06 15:40:50] [SCAN    ] Grid active — 0 live orders
[2026-04-06 15:41:21] [SCAN    ] Grid active — 0 live orders
[2026-04-06 15:41:51] [SCAN    ] Grid active — 0 live orders
[2026-04-06 15:42:21] [SCAN    ] Grid active — 0 live orders
[2026-04-06 15:42:52] [SCAN    ] Grid active — 0 live orders
[2026-04-06 15:43:22] [SCAN    ] Grid active — 0 live orders
[2026-04-06 15:43:53] [SCAN    ] Grid active — 0 live orders
[2026-04-06 15:44:23] [SCAN    ] Grid active — 0 live orders
[2026-04-06 15:44:53] [SCAN    ] Grid active — 0 live orders
[2026-04-06 15:45:24] [SCAN    ] Grid active — 0 live orders
[2026-04-06 15:45:54] [SCAN    ] Grid active — 0 live orders
[2026-04-06 15:46:24] [SCAN    ] Grid active — 0 live orders
[2026-04-06 15:46:55] [SCAN    ] Grid active — 0 live orders
[2026-04-06 15:47:25] [SCAN    ] Grid active — 0 live orders
[2026-04-06 15:47:56] [SCAN    ] Grid active — 0 live orders
[2026-04-06 15:48:26] [SCAN    ] Grid active — 0 live orders
[2026-04-06 15:48:56] [SCAN    ] Grid active — 0 live orders
[2026-04-06 15:49:27] [SCAN    ] Grid active — 0 live orders
[2026-04-06 15:49:57] [SCAN    ] Grid active — 0 live orders
[2026-04-06 15:50:27] [SCAN    ] Grid active — 0 live orders
[2026-04-06 15:50:58] [SCAN    ] Grid active — 0 live orders
[2026-04-06 15:51:28] [SCAN    ] Grid active — 0 live orders
[2026-04-06 15:51:59] [SCAN    ] Grid active — 0 live orders
[2026-04-06 15:52:29] [SCAN    ] Grid active — 0 live orders
[2026-04-06 15:52:59] [SCAN    ] Grid active — 0 live orders
[2026-04-06 15:53:30] [SCAN    ] Grid active — 0 live orders
[2026-04-06 15:54:01] [SCAN    ] Grid active — 0 live orders
[2026-04-06 15:54:31] [SCAN    ] Grid active — 0 live orders
[2026-04-06 15:55:01] [SCAN    ] Grid active — 0 live orders
[2026-04-06 15:55:32] [SCAN    ] Grid active — 0 live orders
[2026-04-06 15:56:02] [SCAN    ] Grid active — 0 live orders
[2026-04-06 15:56:33] [SCAN    ] Grid active — 0 live orders
[2026-04-06 15:57:03] [SCAN    ] Grid active — 0 live orders
[2026-04-06 15:57:33] [SCAN    ] Grid active — 0 live orders
[2026-04-06 15:58:04] [SCAN    ] Grid active — 0 live orders
[2026-04-06 15:58:34] [SCAN    ] Grid active — 0 live orders
[2026-04-06 15:59:05] [SCAN    ] Grid active — 0 live orders
[2026-04-06 15:59:35] [SCAN    ] Grid active — 0 live orders
[2026-04-06 16:00:05] [SCAN    ] Grid active — 0 live orders
[2026-04-06 16:00:36] [SCAN    ] Grid active — 0 live orders
[2026-04-06 16:01:06] [SCAN    ] Grid active — 0 live orders
[2026-04-06 16:01:36] [SCAN    ] Grid active — 0 live orders
[2026-04-06 16:02:07] [SCAN    ] Grid active — 0 live orders
[2026-04-06 16:02:15] [EXIT    ] Process exited — code 3221225786
[2026-04-06 19:34:33] [START   ] ════════════════════════════════════════════════════════════
[2026-04-06 19:34:33] [START   ] Grid Bot
[2026-04-06 19:34:33] [START   ] Coin:     XRP
[2026-04-06 19:34:33] [START   ] Range:    $1.3 – $1.4  |  10 levels  |  $50/level
[2026-04-06 19:34:33] [START   ] Leverage: 1x  |  Check interval: 30s
[2026-04-06 19:34:33] [START   ] ════════════════════════════════════════════════════════════
[2026-04-06 19:34:34] [PRICE   ] Current XRP price: $1.33805
[2026-04-06 19:34:34] [AUDIT   ] XRP — no open position
[2026-04-06 19:34:34] [INIT    ] Grid prices: 1.3 → 1.4 | 10 levels | $50/level
[2026-04-06 19:34:41] [PLACE   ] Level  0 BUY @ $1.3  oid=372379139156
[2026-04-06 19:34:42] [PLACE   ] Level  1 BUY @ $1.311  oid=372379151662
[2026-04-06 19:34:43] [PLACE   ] Level  2 BUY @ $1.322  oid=372379158599
[2026-04-06 19:34:44] [ERROR   ] Init level 3: Order 0: Insufficient margin to place order. asset=25
[2026-04-06 19:34:45] [ERROR   ] Init level 4: Order 0: Reduce only order would increase position. asset=25
[2026-04-06 19:34:46] [ERROR   ] Init level 5: Order 0: Reduce only order would increase position. asset=25
[2026-04-06 19:34:47] [ERROR   ] Init level 6: Order 0: Reduce only order would increase position. asset=25
[2026-04-06 19:34:49] [ERROR   ] Init level 7: Order 0: Reduce only order would increase position. asset=25
[2026-04-06 19:34:50] [ERROR   ] Init level 8: Order 0: Reduce only order would increase position. asset=25
[2026-04-06 19:34:51] [ERROR   ] Init level 9: Order 0: Reduce only order would increase position. asset=25
[2026-04-06 19:34:51] [INIT    ] Placed 3 / 10 orders
[2026-04-06 19:34:51] [RUN     ] Grid initialized. Monitoring for fills...
[2026-04-06 19:34:55] [EXIT    ] Process exited — code ?
